Archive member included to satisfy reference by file (symbol)

../libs\libarm_cortexM7lfdp_math.a(arm_rfft_fast_init_f32.o)
                              Core/Src/main.o (arm_rfft_fast_init_f32)
../libs\libarm_cortexM7lfdp_math.a(arm_rfft_fast_f32.o)
                              Drivers/STM32_AI_AudioPreprocessing_Library/Src/feature_extraction.o (arm_rfft_fast_f32)
../libs\libarm_cortexM7lfdp_math.a(arm_cfft_f32.o)
                              ../libs\libarm_cortexM7lfdp_math.a(arm_rfft_fast_f32.o) (arm_cfft_f32)
../libs\libarm_cortexM7lfdp_math.a(arm_cmplx_mag_squared_f32.o)
                              Drivers/STM32_AI_AudioPreprocessing_Library/Src/feature_extraction.o (arm_cmplx_mag_squared_f32)
../libs\libarm_cortexM7lfdp_math.a(arm_mult_f32.o)
                              Drivers/STM32_AI_AudioPreprocessing_Library/Src/feature_extraction.o (arm_mult_f32)
../libs\libarm_cortexM7lfdp_math.a(arm_common_tables.o)
                              ../libs\libarm_cortexM7lfdp_math.a(arm_rfft_fast_init_f32.o) (twiddleCoef_rfft_4096)
../libs\libarm_cortexM7lfdp_math.a(arm_bitreversal2.o)
                              ../libs\libarm_cortexM7lfdp_math.a(arm_cfft_f32.o) (arm_bitreversal_32)
../libs\libarm_cortexM7lfdp_math.a(arm_cfft_radix8_f32.o)
                              ../libs\libarm_cortexM7lfdp_math.a(arm_cfft_f32.o) (arm_radix8_butterfly_f32)
../Middlewares/ST/AI/Lib\NetworkRuntime520_CM7_GCC.a(ai_platform_interface.o)
                              X-CUBE-AI/App/network.o (ai_platform_runtime_get_revision)
../Middlewares/ST/AI/Lib\NetworkRuntime520_CM7_GCC.a(core_mem_manager.o)
                              ../Middlewares/ST/AI/Lib\NetworkRuntime520_CM7_GCC.a(ai_platform_interface.o) (core_mem_alloc)
../Middlewares/ST/AI/Lib\NetworkRuntime520_CM7_GCC.a(core_common.o)
                              ../Middlewares/ST/AI/Lib\NetworkRuntime520_CM7_GCC.a(ai_platform_interface.o) (core_init)
../Middlewares/ST/AI/Lib\NetworkRuntime520_CM7_GCC.a(layers_conv2d_generic_float.o)
                              X-CUBE-AI/App/network.o (forward_conv2d)
../Middlewares/ST/AI/Lib\NetworkRuntime520_CM7_GCC.a(layers_nl_generic_float.o)
                              X-CUBE-AI/App/network.o (nl_func_relu_generic_array_f32)
../Middlewares/ST/AI/Lib\NetworkRuntime520_CM7_GCC.a(layers_pool_generic_float.o)
                              X-CUBE-AI/App/network.o (forward_mp)
../Middlewares/ST/AI/Lib\NetworkRuntime520_CM7_GCC.a(layers_norm_generic_float.o)
                              X-CUBE-AI/App/network.o (forward_bn)
../Middlewares/ST/AI/Lib\NetworkRuntime520_CM7_GCC.a(layers.o)
                              ../Middlewares/ST/AI/Lib\NetworkRuntime520_CM7_GCC.a(ai_platform_interface.o) (ai_check_custom_types)
../Middlewares/ST/AI/Lib\NetworkRuntime520_CM7_GCC.a(arm_mat_init_f32.o)
                              ../Middlewares/ST/AI/Lib\NetworkRuntime520_CM7_GCC.a(layers_conv2d_generic_float.o) (arm_mat_init_f32)
../Middlewares/ST/AI/Lib\NetworkRuntime520_CM7_GCC.a(ai_datatypes_format.o)
                              ../Middlewares/ST/AI/Lib\NetworkRuntime520_CM7_GCC.a(ai_platform_interface.o) (ai_array_to_buffer_fmt)
../Middlewares/ST/AI/Lib\NetworkRuntime520_CM7_GCC.a(ai_math_helpers.o)
                              ../Middlewares/ST/AI/Lib\NetworkRuntime520_CM7_GCC.a(layers_nl_generic_float.o) (ai_math_sqrt)
c:/st/stm32cubeide_1.3.0/stm32cubeide/plugins/com.st.stm32cube.ide.mcu.externaltools.gnu-tools-for-stm32.7-2018-q2-update.win32_1.5.0.202011040924/tools/bin/../lib/gcc/arm-none-eabi/7.3.1/../../../../arm-none-eabi/lib/thumb/v7e-m/fpv4-sp/hard\libc_nano.a(lib_a-errno.o)
                              Core/Src/syscalls.o (__errno)
c:/st/stm32cubeide_1.3.0/stm32cubeide/plugins/com.st.stm32cube.ide.mcu.externaltools.gnu-tools-for-stm32.7-2018-q2-update.win32_1.5.0.202011040924/tools/bin/../lib/gcc/arm-none-eabi/7.3.1/../../../../arm-none-eabi/lib/thumb/v7e-m/fpv4-sp/hard\libc_nano.a(lib_a-exit.o)
                              c:/st/stm32cubeide_1.3.0/stm32cubeide/plugins/com.st.stm32cube.ide.mcu.externaltools.gnu-tools-for-stm32.7-2018-q2-update.win32_1.5.0.202011040924/tools/bin/../lib/gcc/arm-none-eabi/7.3.1/../../../../arm-none-eabi/lib/thumb/v7e-m/fpv4-sp/hard/crt0.o (exit)
c:/st/stm32cubeide_1.3.0/stm32cubeide/plugins/com.st.stm32cube.ide.mcu.externaltools.gnu-tools-for-stm32.7-2018-q2-update.win32_1.5.0.202011040924/tools/bin/../lib/gcc/arm-none-eabi/7.3.1/../../../../arm-none-eabi/lib/thumb/v7e-m/fpv4-sp/hard\libc_nano.a(lib_a-impure.o)
                              c:/st/stm32cubeide_1.3.0/stm32cubeide/plugins/com.st.stm32cube.ide.mcu.externaltools.gnu-tools-for-stm32.7-2018-q2-update.win32_1.5.0.202011040924/tools/bin/../lib/gcc/arm-none-eabi/7.3.1/../../../../arm-none-eabi/lib/thumb/v7e-m/fpv4-sp/hard\libc_nano.a(lib_a-exit.o) (_global_impure_ptr)
[...]
Memory Configuration

Name             Origin             Length             Attributes
RAM              0x0000000020000000 0x0000000000050000 xrw
FLASH            0x0000000008000000 0x0000000000100000 xr
*default*        0x0000000000000000 0xffffffffffffffff

Linker script and memory map

LOAD c:/st/stm32cubeide_1.3.0/stm32cubeide/plugins/com.st.stm32cube.ide.mcu.externaltools.gnu-tools-for-stm32.7-2018-q2-update.win32_1.5.0.202011040924/tools/bin/../lib/gcc/arm-none-eabi/7.3.1/thumb/v7e-m/fpv4-sp/hard/crti.o
LOAD c:/st/stm32cubeide_1.3.0/stm32cubeide/plugins/com.st.stm32cube.ide.mcu.externaltools.gnu-tools-for-stm32.7-2018-q2-update.win32_1.5.0.202011040924/tools/bin/../lib/gcc/arm-none-eabi/7.3.1/thumb/v7e-m/fpv4-sp/hard/crtbegin.o
LOAD c:/st/stm32cubeide_1.3.0/stm32cubeide/plugins/com.st.stm32cube.ide.mcu.externaltools.gnu-tools-for-stm32.7-2018-q2-update.win32_1.5.0.202011040924/tools/bin/../lib/gcc/arm-none-eabi/7.3.1/../../../../arm-none-eabi/lib/thumb/v7e-m/fpv4-sp/hard/crt0.o
LOAD Core/Src/main.o
LOAD Core/Src/stm32f7xx_hal_msp.o
LOAD Core/Src/stm32f7xx_it.o
LOAD Core/Src/syscalls.o
LOAD Core/Src/sysmem.o
LOAD Core/Src/system_stm32f7xx.o
LOAD Core/Startup/startup_stm32f746nghx.o
LOAD Drivers/STM32F7xx_HAL_Driver/Src/stm32f7xx_hal.o
LOAD Drivers/STM32F7xx_HAL_Driver/Src/stm32f7xx_hal_adc.o
LOAD Drivers/STM32F7xx_HAL_Driver/Src/stm32f7xx_hal_adc_ex.o
LOAD Drivers/STM32F7xx_HAL_Driver/Src/stm32f7xx_hal_cortex.o
LOAD Drivers/STM32F7xx_HAL_Driver/Src/stm32f7xx_hal_crc.o
LOAD Drivers/STM32F7xx_HAL_Driver/Src/stm32f7xx_hal_crc_ex.o
LOAD Drivers/STM32F7xx_HAL_Driver/Src/stm32f7xx_hal_dma.o
LOAD Drivers/STM32F7xx_HAL_Driver/Src/stm32f7xx_hal_dma_ex.o
LOAD Drivers/STM32F7xx_HAL_Driver/Src/stm32f7xx_hal_exti.o
LOAD Drivers/STM32F7xx_HAL_Driver/Src/stm32f7xx_hal_flash.o
LOAD Drivers/STM32F7xx_HAL_Driver/Src/stm32f7xx_hal_flash_ex.o
LOAD Drivers/STM32F7xx_HAL_Driver/Src/stm32f7xx_hal_gpio.o
LOAD Drivers/STM32F7xx_HAL_Driver/Src/stm32f7xx_hal_i2c.o
LOAD Drivers/STM32F7xx_HAL_Driver/Src/stm32f7xx_hal_i2c_ex.o
LOAD Drivers/STM32F7xx_HAL_Driver/Src/stm32f7xx_hal_pwr.o
LOAD Drivers/STM32F7xx_HAL_Driver/Src/stm32f7xx_hal_pwr_ex.o
LOAD Drivers/STM32F7xx_HAL_Driver/Src/stm32f7xx_hal_rcc.o
LOAD Drivers/STM32F7xx_HAL_Driver/Src/stm32f7xx_hal_rcc_ex.o
LOAD Drivers/STM32F7xx_HAL_Driver/Src/stm32f7xx_hal_tim.o
LOAD Drivers/STM32F7xx_HAL_Driver/Src/stm32f7xx_hal_tim_ex.o
LOAD Drivers/STM32_AI_AudioPreprocessing_Library/Src/common_tables.o
LOAD Drivers/STM32_AI_AudioPreprocessing_Library/Src/dct.o
LOAD Drivers/STM32_AI_AudioPreprocessing_Library/Src/feature_extraction.o
LOAD Drivers/STM32_AI_AudioPreprocessing_Library/Src/mel_filterbank.o
LOAD Drivers/STM32_AI_AudioPreprocessing_Library/Src/window.o
LOAD X-CUBE-AI/App/app_x-cube-ai.o
LOAD X-CUBE-AI/App/network.o
LOAD X-CUBE-AI/App/network_data.o
LOAD ../libs\libarm_cortexM7lfdp_math.a
LOAD ../Middlewares/ST/AI/Lib\NetworkRuntime520_CM7_GCC.a
START GROUP
LOAD c:/st/stm32cubeide_1.3.0/stm32cubeide/plugins/com.st.stm32cube.ide.mcu.externaltools.gnu-tools-for-stm32.7-2018-q2-update.win32_1.5.0.202011040924/tools/bin/../lib/gcc/arm-none-eabi/7.3.1/../../../../arm-none-eabi/lib/thumb/v7e-m/fpv4-sp/hard\libc_nano.a
LOAD c:/st/stm32cubeide_1.3.0/stm32cubeide/plugins/com.st.stm32cube.ide.mcu.externaltools.gnu-tools-for-stm32.7-2018-q2-update.win32_1.5.0.202011040924/tools/bin/../lib/gcc/arm-none-eabi/7.3.1/../../../../arm-none-eabi/lib/thumb/v7e-m/fpv4-sp/hard\libm.a
END GROUP
START GROUP
LOAD c:/st/stm32cubeide_1.3.0/stm32cubeide/plugins/com.st.stm32cube.ide.mcu.externaltools.gnu-tools-for-stm32.7-2018-q2-update.win32_1.5.0.202011040924/tools/bin/../lib/gcc/arm-none-eabi/7.3.1/thumb/v7e-m/fpv4-sp/hard\libgcc.a
LOAD c:/st/stm32cubeide_1.3.0/stm32cubeide/plugins/com.st.stm32cube.ide.mcu.externaltools.gnu-tools-for-stm32.7-2018-q2-update.win32_1.5.0.202011040924/tools/bin/../lib/gcc/arm-none-eabi/7.3.1/../../../../arm-none-eabi/lib/thumb/v7e-m/fpv4-sp/hard\libc_nano.a
END GROUP
START GROUP
LOAD c:/st/stm32cubeide_1.3.0/stm32cubeide/plugins/com.st.stm32cube.ide.mcu.externaltools.gnu-tools-for-stm32.7-2018-q2-update.win32_1.5.0.202011040924/tools/bin/../lib/gcc/arm-none-eabi/7.3.1/thumb/v7e-m/fpv4-sp/hard\libgcc.a
LOAD c:/st/stm32cubeide_1.3.0/stm32cubeide/plugins/com.st.stm32cube.ide.mcu.externaltools.gnu-tools-for-stm32.7-2018-q2-update.win32_1.5.0.202011040924/tools/bin/../lib/gcc/arm-none-eabi/7.3.1/../../../../arm-none-eabi/lib/thumb/v7e-m/fpv4-sp/hard\libc_nano.a
LOAD c:/st/stm32cubeide_1.3.0/stm32cubeide/plugins/com.st.stm32cube.ide.mcu.externaltools.gnu-tools-for-stm32.7-2018-q2-update.win32_1.5.0.202011040924/tools/bin/../lib/gcc/arm-none-eabi/7.3.1/../../../../arm-none-eabi/lib/thumb/v7e-m/fpv4-sp/hard\libnosys.a
END GROUP
START GROUP
LOAD c:/st/stm32cubeide_1.3.0/stm32cubeide/plugins/com.st.stm32cube.ide.mcu.externaltools.gnu-tools-for-stm32.7-2018-q2-update.win32_1.5.0.202011040924/tools/bin/../lib/gcc/arm-none-eabi/7.3.1/thumb/v7e-m/fpv4-sp/hard\libgcc.a
LOAD c:/st/stm32cubeide_1.3.0/stm32cubeide/plugins/com.st.stm32cube.ide.mcu.externaltools.gnu-tools-for-stm32.7-2018-q2-update.win32_1.5.0.202011040924/tools/bin/../lib/gcc/arm-none-eabi/7.3.1/../../../../arm-none-eabi/lib/thumb/v7e-m/fpv4-sp/hard\libc_nano.a
LOAD c:/st/stm32cubeide_1.3.0/stm32cubeide/plugins/com.st.stm32cube.ide.mcu.externaltools.gnu-tools-for-stm32.7-2018-q2-update.win32_1.5.0.202011040924/tools/bin/../lib/gcc/arm-none-eabi/7.3.1/../../../../arm-none-eabi/lib/thumb/v7e-m/fpv4-sp/hard\libnosys.a
END GROUP
LOAD c:/st/stm32cubeide_1.3.0/stm32cubeide/plugins/com.st.stm32cube.ide.mcu.externaltools.gnu-tools-for-stm32.7-2018-q2-update.win32_1.5.0.202011040924/tools/bin/../lib/gcc/arm-none-eabi/7.3.1/thumb/v7e-m/fpv4-sp/hard/crtend.o
LOAD c:/st/stm32cubeide_1.3.0/stm32cubeide/plugins/com.st.stm32cube.ide.mcu.externaltools.gnu-tools-for-stm32.7-2018-q2-update.win32_1.5.0.202011040924/tools/bin/../lib/gcc/arm-none-eabi/7.3.1/thumb/v7e-m/fpv4-sp/hard/crtn.o
                0x0000000020050000                _estack = (ORIGIN (RAM) + LENGTH (RAM))
                0x0000000000000200                _Min_Heap_Size = 0x200
                0x0000000000000800                _Min_Stack_Size = 0x800

.isr_vector     0x0000000008000000      0x1c8
                0x0000000008000000                . = ALIGN (0x4)
 *(.isr_vector)
 .isr_vector    0x0000000008000000      0x1c8 Core/Startup/startup_stm32f746nghx.o
                0x0000000008000000                g_pfnVectors
                0x00000000080001c8                . = ALIGN (0x4)

.text           0x00000000080001d0     0xb1ec
                0x00000000080001d0                . = ALIGN (0x4)
 *(.text)
 .text          0x00000000080001d0       0x40 c:/st/stm32cubeide_1.3.0/stm32cubeide/plugins/com.st.stm32cube.ide.mcu.externaltools.gnu-tools-for-stm32.7-2018-q2-update.win32_1.5.0.202011040924/tools/bin/../lib/gcc/arm-none-eabi/7.3.1/thumb/v7e-m/fpv4-sp/hard/crtbegin.o
 .text          0x0000000008000210       0xc0 ../libs\libarm_cortexM7lfdp_math.a(arm_bitreversal2.o)
                0x0000000008000210                arm_bitreversal_32
                0x000000000800027a                arm_bitreversal_16
 .text          0x00000000080002d0       0xa0 c:/st/stm32cubeide_1.3.0/stm32cubeide/plugins/com.st.stm32cube.ide.mcu.externaltools.gnu-tools-for-stm32.7-2018-q2-update.win32_1.5.0.202011040924/tools/bin/../lib/gcc/arm-none-eabi/7.3.1/../../../../arm-none-eabi/lib/thumb/v7e-m/fpv4-sp/hard\libc_nano.a(lib_a-memchr.o)
                0x00000000080002d0                memchr
 .text          0x0000000008000370      0x378 c:/st/stm32cubeide_1.3.0/stm32cubeide/plugins/com.st.stm32cube.ide.mcu.externaltools.gnu-tools-for-stm32.7-2018-q2-update.win32_1.5.0.202011040924/tools/bin/../lib/gcc/arm-none-eabi/7.3.1/thumb/v7e-m/fpv4-sp/hard\libgcc.a(_arm_addsubdf3.o)
                0x0000000008000370                __aeabi_drsub
                0x0000000008000378                __aeabi_dsub
                0x0000000008000378                __subdf3
                0x000000000800037c                __aeabi_dadd
                0x000000000800037c                __adddf3
                0x00000000080005f4                __floatunsidf
                0x00000000080005f4                __aeabi_ui2d
                0x0000000008000614                __floatsidf
                0x0000000008000614                __aeabi_i2d
                0x0000000008000638                __aeabi_f2d
                0x0000000008000638                __extendsfdf2
                0x000000000800067c                __floatundidf
                0x000000000800067c                __aeabi_ul2d
                0x000000000800068c                __floatdidf
                0x000000000800068c                __aeabi_l2d
 .text          0x00000000080006e8      0x424 c:/st/stm32cubeide_1.3.0/stm32cubeide/plugins/com.st.stm32cube.ide.mcu.externaltools.gnu-tools-for-stm32.7-2018-q2-update.win32_1.5.0.202011040924/tools/bin/../lib/gcc/arm-none-eabi/7.3.1/thumb/v7e-m/fpv4-sp/hard\libgcc.a(_arm_muldivdf3.o)
                0x00000000080006e8                __aeabi_dmul
                0x00000000080006e8                __muldf3
                0x000000000800093c                __divdf3
                0x000000000800093c                __aeabi_ddiv
 .text          0x0000000008000b0c      0x110 c:/st/stm32cubeide_1.3.0/stm32cubeide/plugins/com.st.stm32cube.ide.mcu.externaltools.gnu-tools-for-stm32.7-2018-q2-update.win32_1.5.0.202011040924/tools/bin/../lib/gcc/arm-none-eabi/7.3.1/thumb/v7e-m/fpv4-sp/hard\libgcc.a(_arm_cmpdf2.o)
                0x0000000008000b0c                __gtdf2
                0x0000000008000b0c                __gedf2
                0x0000000008000b14                __ltdf2
                0x0000000008000b14                __ledf2
                0x0000000008000b1c                __nedf2
                0x0000000008000b1c                __eqdf2
                0x0000000008000b1c                __cmpdf2
                0x0000000008000b98                __aeabi_cdrcmple
                0x0000000008000ba8                __aeabi_cdcmpeq
                0x0000000008000ba8                __aeabi_cdcmple
                0x0000000008000bb8                __aeabi_dcmpeq
                0x0000000008000bcc                __aeabi_dcmplt
                0x0000000008000be0                __aeabi_dcmple
                0x0000000008000bf4                __aeabi_dcmpge
                0x0000000008000c08                __aeabi_dcmpgt
 .text          0x0000000008000c1c       0xa0 c:/st/stm32cubeide_1.3.0/stm32cubeide/plugins/com.st.stm32cube.ide.mcu.externaltools.gnu-tools-for-stm32.7-2018-q2-update.win32_1.5.0.202011040924/tools/bin/../lib/gcc/arm-none-eabi/7.3.1/thumb/v7e-m/fpv4-sp/hard\libgcc.a(_arm_truncdfsf2.o)
                0x0000000008000c1c                __truncdfsf2
                0x0000000008000c1c                __aeabi_d2f
 .text          0x0000000008000cbc       0x30 c:/st/stm32cubeide_1.3.0/stm32cubeide/plugins/com.st.stm32cube.ide.mcu.externaltools.gnu-tools-for-stm32.7-2018-q2-update.win32_1.5.0.202011040924/tools/bin/../lib/gcc/arm-none-eabi/7.3.1/thumb/v7e-m/fpv4-sp/hard\libgcc.a(_aeabi_uldivmod.o)
                0x0000000008000cbc                __aeabi_uldivmod
 .text          0x0000000008000cec      0x2cc c:/st/stm32cubeide_1.3.0/stm32cubeide/plugins/com.st.stm32cube.ide.mcu.externaltools.gnu-tools-for-stm32.7-2018-q2-update.win32_1.5.0.202011040924/tools/bin/../lib/gcc/arm-none-eabi/7.3.1/thumb/v7e-m/fpv4-sp/hard\libgcc.a(_udivmoddi4.o)
                0x0000000008000cec                __udivmoddi4
 .text          0x0000000008000fb8        0x4 c:/st/stm32cubeide_1.3.0/stm32cubeide/plugins/com.st.stm32cube.ide.mcu.externaltools.gnu-tools-for-stm32.7-2018-q2-update.win32_1.5.0.202011040924/tools/bin/../lib/gcc/arm-none-eabi/7.3.1/thumb/v7e-m/fpv4-sp/hard\libgcc.a(_dvmd_tls.o)
                0x0000000008000fb8                __aeabi_idiv0
                0x0000000008000fb8                __aeabi_ldiv0
 *(.text*)
 .text.SCB_EnableICache
                0x0000000008000fbc       0x40 Core/Src/main.o
 .text.SCB_EnableDCache
                0x0000000008000ffc       0x80 Core/Src/main.o
 .text.main     0x000000000800107c       0xac Core/Src/main.o
                0x000000000800107c                main
 .text.SystemClock_Config
                0x0000000008001128       0xd8 Core/Src/main.o
                0x0000000008001128                SystemClock_Config
 .text.MX_ADC3_Init
                0x0000000008001200       0xa4 Core/Src/main.o
 .text.MX_CRC_Init
                0x00000000080012a4       0x44 Core/Src/main.o
 .text.MX_TIM2_Init
                0x00000000080012e8       0xe0 Core/Src/main.o
 .text.MX_DMA_Init
                0x00000000080013c8       0x3c Core/Src/main.o
 .text.MX_GPIO_Init
                0x0000000008001404      0x17c Core/Src/main.o
 .text.Sort_ADC_buffer
                0x0000000008001580       0x7c Core/Src/main.o
                0x0000000008001580                Sort_ADC_buffer
 *fill*         0x00000000080015fc        0x4 
 .text.Mel_array
                0x0000000008001600       0xe0 Core/Src/main.o
                0x0000000008001600                Mel_array
 .text.Find_max_output_ind
                0x00000000080016e0       0xd0 Core/Src/main.o
                0x00000000080016e0                Find_max_output_ind
 .text.Wakeup   0x00000000080017b0      0x424 Core/Src/main.o
                0x00000000080017b0                Wakeup
 .text.PowerTodB
                0x0000000008001bd4      0x118 Core/Src/main.o
 .text.delay_us
                0x0000000008001cec       0x30 Core/Src/main.o
                0x0000000008001cec                delay_us
 .text.mark     0x0000000008001d1c       0x80 Core/Src/main.o
                0x0000000008001d1c                mark
 .text.space    0x0000000008001d9c       0x30 Core/Src/main.o
                0x0000000008001d9c                space
 .text.sendRaw  0x0000000008001dcc       0x60 Core/Src/main.o
                0x0000000008001dcc                sendRaw
 .text.Preprocessing_Init
                0x0000000008001e2c       0x8c Core/Src/main.o
 .text.Error_Handler
                0x0000000008001eb8        0xe Core/Src/main.o
                0x0000000008001eb8                Error_Handler
 *fill*         0x0000000008001ec6        0x2 
 .text.HAL_MspInit
                0x0000000008001ec8       0x48 Core/Src/stm32f7xx_hal_msp.o
                0x0000000008001ec8                HAL_MspInit
 .text.HAL_ADC_MspInit
                0x0000000008001f10       0xec Core/Src/stm32f7xx_hal_msp.o
                0x0000000008001f10                HAL_ADC_MspInit
 .text.HAL_CRC_MspInit
                0x0000000008001ffc       0x40 Core/Src/stm32f7xx_hal_msp.o
                0x0000000008001ffc                HAL_CRC_MspInit
 .text.HAL_TIM_Base_MspInit
                0x000000000800203c       0x84 Core/Src/stm32f7xx_hal_msp.o
                0x000000000800203c                HAL_TIM_Base_MspInit
 .text.NMI_Handler
                0x00000000080020c0        0xe Core/Src/stm32f7xx_it.o
                0x00000000080020c0                NMI_Handler
 .text.HardFault_Handler
                0x00000000080020ce        0x6 Core/Src/stm32f7xx_it.o
                0x00000000080020ce                HardFault_Handler
 .text.MemManage_Handler
                0x00000000080020d4        0x6 Core/Src/stm32f7xx_it.o
                0x00000000080020d4                MemManage_Handler
 .text.BusFault_Handler
                0x00000000080020da        0x6 Core/Src/stm32f7xx_it.o
                0x00000000080020da                BusFault_Handler
 .text.UsageFault_Handler
                0x00000000080020e0        0x6 Core/Src/stm32f7xx_it.o
                0x00000000080020e0                UsageFault_Handler
 .text.SVC_Handler
                0x00000000080020e6        0xe Core/Src/stm32f7xx_it.o
                0x00000000080020e6                SVC_Handler
 .text.DebugMon_Handler
                0x00000000080020f4        0xe Core/Src/stm32f7xx_it.o
                0x00000000080020f4                DebugMon_Handler
 .text.PendSV_Handler
                0x0000000008002102        0xe Core/Src/stm32f7xx_it.o
                0x0000000008002102                PendSV_Handler
 .text.SysTick_Handler
                0x0000000008002110        0xc Core/Src/stm32f7xx_it.o
                0x0000000008002110                SysTick_Handler
 .text.DMA2_Stream0_IRQHandler
                0x000000000800211c       0x14 Core/Src/stm32f7xx_it.o
                0x000000000800211c                DMA2_Stream0_IRQHandler
 .text._read    0x0000000008002130       0x3a Core/Src/syscalls.o
                0x0000000008002130                _read
 .text._write   0x000000000800216a       0x38 Core/Src/syscalls.o
                0x000000000800216a                _write
 .text._close   0x00000000080021a2       0x18 Core/Src/syscalls.o
                0x00000000080021a2                _close
 .text._fstat   0x00000000080021ba       0x20 Core/Src/syscalls.o
                0x00000000080021ba                _fstat
 .text._isatty  0x00000000080021da       0x16 Core/Src/syscalls.o
                0x00000000080021da                _isatty
 .text._lseek   0x00000000080021f0       0x1a Core/Src/syscalls.o
                0x00000000080021f0                _lseek
 *fill*         0x000000000800220a        0x2 
 .text._sbrk    0x000000000800220c       0x6c Core/Src/sysmem.o
                0x000000000800220c                _sbrk
 .text.SystemInit
                0x0000000008002278       0x2c Core/Src/system_stm32f7xx.o
                0x0000000008002278                SystemInit
 .text.Reset_Handler
                0x00000000080022a4       0x50 Core/Startup/startup_stm32f746nghx.o
                0x00000000080022a4                Reset_Handler
 .text.Default_Handler
                0x00000000080022f4        0x2 Core/Startup/startup_stm32f746nghx.o
                0x00000000080022f4                RTC_Alarm_IRQHandler
                0x00000000080022f4                EXTI2_IRQHandler
                0x00000000080022f4                TIM8_CC_IRQHandler
                0x00000000080022f4                UART8_IRQHandler
                0x00000000080022f4                SPI4_IRQHandler
                0x00000000080022f4                TIM1_CC_IRQHandler
                0x00000000080022f4                DMA2_Stream5_IRQHandler
                0x00000000080022f4                DMA1_Stream5_IRQHandler
                0x00000000080022f4                PVD_IRQHandler
                0x00000000080022f4                TAMP_STAMP_IRQHandler
                0x00000000080022f4                CAN2_RX1_IRQHandler
                0x00000000080022f4                EXTI3_IRQHandler
                0x00000000080022f4                TIM8_TRG_COM_TIM14_IRQHandler
                0x00000000080022f4                TIM1_UP_TIM10_IRQHandler
                0x00000000080022f4                TIM8_UP_TIM13_IRQHandler
                0x00000000080022f4                I2C3_ER_IRQHandler
                0x00000000080022f4                EXTI0_IRQHandler
                0x00000000080022f4                I2C2_EV_IRQHandler
                0x00000000080022f4                DMA1_Stream2_IRQHandler
                0x00000000080022f4                CAN1_RX0_IRQHandler
                0x00000000080022f4                FPU_IRQHandler
                0x00000000080022f4                OTG_HS_WKUP_IRQHandler
                0x00000000080022f4                LTDC_ER_IRQHandler
                0x00000000080022f4                CAN2_SCE_IRQHandler
                0x00000000080022f4                DMA2_Stream2_IRQHandler
                0x00000000080022f4                SPI1_IRQHandler
                0x00000000080022f4                TIM6_DAC_IRQHandler
                0x00000000080022f4                TIM1_BRK_TIM9_IRQHandler
                0x00000000080022f4                DCMI_IRQHandler
                0x00000000080022f4                CAN2_RX0_IRQHandler
                0x00000000080022f4                DMA2_Stream3_IRQHandler
                0x00000000080022f4                SAI2_IRQHandler
                0x00000000080022f4                USART6_IRQHandler
                0x00000000080022f4                USART3_IRQHandler
                0x00000000080022f4                CAN1_RX1_IRQHandler
                0x00000000080022f4                UART5_IRQHandler
                0x00000000080022f4                TIM4_IRQHandler
                0x00000000080022f4                QUADSPI_IRQHandler
                0x00000000080022f4                I2C1_EV_IRQHandler
                0x00000000080022f4                DMA1_Stream6_IRQHandler
                0x00000000080022f4                DMA1_Stream1_IRQHandler
                0x00000000080022f4                UART4_IRQHandler
                0x00000000080022f4                TIM3_IRQHandler
                0x00000000080022f4                RCC_IRQHandler
                0x00000000080022f4                TIM8_BRK_TIM12_IRQHandler
                0x00000000080022f4                Default_Handler
                0x00000000080022f4                CEC_IRQHandler
                0x00000000080022f4                EXTI15_10_IRQHandler
                0x00000000080022f4                ADC_IRQHandler
                0x00000000080022f4                DMA1_Stream7_IRQHandler
                0x00000000080022f4                SPI5_IRQHandler
                0x00000000080022f4                TIM7_IRQHandler
                0x00000000080022f4                SDMMC1_IRQHandler
                0x00000000080022f4                CAN2_TX_IRQHandler
                0x00000000080022f4                TIM5_IRQHandler
                0x00000000080022f4                DMA2_Stream7_IRQHandler
                0x00000000080022f4                I2C3_EV_IRQHandler
                0x00000000080022f4                EXTI9_5_IRQHandler
                0x00000000080022f4                RTC_WKUP_IRQHandler
                0x00000000080022f4                LTDC_IRQHandler
                0x00000000080022f4                ETH_WKUP_IRQHandler
                0x00000000080022f4                SPDIF_RX_IRQHandler
                0x00000000080022f4                SPI2_IRQHandler
                0x00000000080022f4                OTG_HS_EP1_IN_IRQHandler
                0x00000000080022f4                DMA1_Stream0_IRQHandler
                0x00000000080022f4                CAN1_TX_IRQHandler
                0x00000000080022f4                EXTI4_IRQHandler
                0x00000000080022f4                RNG_IRQHandler
                0x00000000080022f4                ETH_IRQHandler
                0x00000000080022f4                OTG_HS_EP1_OUT_IRQHandler
                0x00000000080022f4                WWDG_IRQHandler
                0x00000000080022f4                SPI6_IRQHandler
                0x00000000080022f4                I2C4_EV_IRQHandler
                0x00000000080022f4                TIM2_IRQHandler
                0x00000000080022f4                OTG_FS_WKUP_IRQHandler
                0x00000000080022f4                TIM1_TRG_COM_TIM11_IRQHandler
                0x00000000080022f4                OTG_HS_IRQHandler
                0x00000000080022f4                DMA2D_IRQHandler
                0x00000000080022f4                EXTI1_IRQHandler
                0x00000000080022f4                UART7_IRQHandler
                0x00000000080022f4                USART2_IRQHandler
                0x00000000080022f4                I2C2_ER_IRQHandler
                0x00000000080022f4                DMA2_Stream1_IRQHandler
                0x00000000080022f4                CAN1_SCE_IRQHandler
                0x00000000080022f4                FLASH_IRQHandler
                0x00000000080022f4                DMA2_Stream4_IRQHandler
                0x00000000080022f4                USART1_IRQHandler
                0x00000000080022f4                OTG_FS_IRQHandler
                0x00000000080022f4                SPI3_IRQHandler
                0x00000000080022f4                DMA1_Stream4_IRQHandler
                0x00000000080022f4                I2C1_ER_IRQHandler
                0x00000000080022f4                FMC_IRQHandler
                0x00000000080022f4                LPTIM1_IRQHandler
                0x00000000080022f4                I2C4_ER_IRQHandler
                0x00000000080022f4                DMA2_Stream6_IRQHandler
                0x00000000080022f4                SAI1_IRQHandler
                0x00000000080022f4                DMA1_Stream3_IRQHandler
 .text.HAL_Init
                0x00000000080022f6       0x1a Drivers/STM32F7xx_HAL_Driver/Src/stm32f7xx_hal.o
                0x00000000080022f6                HAL_Init
 .text.HAL_InitTick
                0x0000000008002310       0x60 Drivers/STM32F7xx_HAL_Driver/Src/stm32f7xx_hal.o
                0x0000000008002310                HAL_InitTick
 .text.HAL_IncTick
                0x0000000008002370       0x28 Drivers/STM32F7xx_HAL_Driver/Src/stm32f7xx_hal.o
                0x0000000008002370                HAL_IncTick
 .text.HAL_GetTick
                0x0000000008002398       0x18 Drivers/STM32F7xx_HAL_Driver/Src/stm32f7xx_hal.o
                0x0000000008002398                HAL_GetTick
 .text.HAL_Delay
                0x00000000080023b0       0x44 Drivers/STM32F7xx_HAL_Driver/Src/stm32f7xx_hal.o
                0x00000000080023b0                HAL_Delay
 .text.HAL_ADC_Init
                0x00000000080023f4       0x88 Drivers/STM32F7xx_HAL_Driver/Src/stm32f7xx_hal_adc.o
                0x00000000080023f4                HAL_ADC_Init
 .text.HAL_ADC_Start_DMA
                0x000000000800247c      0x1dc Drivers/STM32F7xx_HAL_Driver/Src/stm32f7xx_hal_adc.o
                0x000000000800247c                HAL_ADC_Start_DMA
 .text.HAL_ADC_ConvCpltCallback
                0x0000000008002658       0x14 Drivers/STM32F7xx_HAL_Driver/Src/stm32f7xx_hal_adc.o
                0x0000000008002658                HAL_ADC_ConvCpltCallback
 .text.HAL_ADC_ConvHalfCpltCallback
                0x000000000800266c       0x14 Drivers/STM32F7xx_HAL_Driver/Src/stm32f7xx_hal_adc.o
                0x000000000800266c                HAL_ADC_ConvHalfCpltCallback
 .text.HAL_ADC_ErrorCallback
                0x0000000008002680       0x14 Drivers/STM32F7xx_HAL_Driver/Src/stm32f7xx_hal_adc.o
                0x0000000008002680                HAL_ADC_ErrorCallback
 .text.HAL_ADC_ConfigChannel
                0x0000000008002694      0x294 Drivers/STM32F7xx_HAL_Driver/Src/stm32f7xx_hal_adc.o
                0x0000000008002694                HAL_ADC_ConfigChannel
 .text.ADC_Init
                0x0000000008002928      0x1f4 Drivers/STM32F7xx_HAL_Driver/Src/stm32f7xx_hal_adc.o
 .text.ADC_DMAConvCplt
                0x0000000008002b1c       0xba Drivers/STM32F7xx_HAL_Driver/Src/stm32f7xx_hal_adc.o
 .text.ADC_DMAHalfConvCplt
                0x0000000008002bd6       0x1c Drivers/STM32F7xx_HAL_Driver/Src/stm32f7xx_hal_adc.o
 .text.ADC_DMAError
                0x0000000008002bf2       0x2e Drivers/STM32F7xx_HAL_Driver/Src/stm32f7xx_hal_adc.o
 .text.__NVIC_SetPriorityGrouping
                0x0000000008002c20       0x48 Drivers/STM32F7xx_HAL_Driver/Src/stm32f7xx_hal_cortex.o
 .text.__NVIC_GetPriorityGrouping
                0x0000000008002c68       0x1c Drivers/STM32F7xx_HAL_Driver/Src/stm32f7xx_hal_cortex.o
 .text.__NVIC_EnableIRQ
                0x0000000008002c84       0x3c Drivers/STM32F7xx_HAL_Driver/Src/stm32f7xx_hal_cortex.o
 .text.__NVIC_SetPriority
                0x0000000008002cc0       0x54 Drivers/STM32F7xx_HAL_Driver/Src/stm32f7xx_hal_cortex.o
 .text.NVIC_EncodePriority
                0x0000000008002d14       0x66 Drivers/STM32F7xx_HAL_Driver/Src/stm32f7xx_hal_cortex.o
 *fill*         0x0000000008002d7a        0x2 
 .text.SysTick_Config
                0x0000000008002d7c       0x44 Drivers/STM32F7xx_HAL_Driver/Src/stm32f7xx_hal_cortex.o
 .text.HAL_NVIC_SetPriorityGrouping
                0x0000000008002dc0       0x16 Drivers/STM32F7xx_HAL_Driver/Src/stm32f7xx_hal_cortex.o
                0x0000000008002dc0                HAL_NVIC_SetPriorityGrouping
 .text.HAL_NVIC_SetPriority
                0x0000000008002dd6       0x38 Drivers/STM32F7xx_HAL_Driver/Src/stm32f7xx_hal_cortex.o
                0x0000000008002dd6                HAL_NVIC_SetPriority
 .text.HAL_NVIC_EnableIRQ
                0x0000000008002e0e       0x1c Drivers/STM32F7xx_HAL_Driver/Src/stm32f7xx_hal_cortex.o
                0x0000000008002e0e                HAL_NVIC_EnableIRQ
 .text.HAL_SYSTICK_Config
                0x0000000008002e2a       0x18 Drivers/STM32F7xx_HAL_Driver/Src/stm32f7xx_hal_cortex.o
                0x0000000008002e2a                HAL_SYSTICK_Config
 *fill*         0x0000000008002e42        0x2 
 .text.HAL_CRC_Init
                0x0000000008002e44       0xc8 Drivers/STM32F7xx_HAL_Driver/Src/stm32f7xx_hal_crc.o
                0x0000000008002e44                HAL_CRC_Init
 .text.HAL_CRCEx_Polynomial_Set
                0x0000000008002f0c      0x10c Drivers/STM32F7xx_HAL_Driver/Src/stm32f7xx_hal_crc_ex.o
                0x0000000008002f0c                HAL_CRCEx_Polynomial_Set
 .text.HAL_DMA_Init
                0x0000000008003018      0x15c Drivers/STM32F7xx_HAL_Driver/Src/stm32f7xx_hal_dma.o
                0x0000000008003018                HAL_DMA_Init
 .text.HAL_DMA_Start_IT
                0x0000000008003174       0xc0 Drivers/STM32F7xx_HAL_Driver/Src/stm32f7xx_hal_dma.o
                0x0000000008003174                HAL_DMA_Start_IT
 .text.HAL_DMA_IRQHandler
                0x0000000008003234      0x314 Drivers/STM32F7xx_HAL_Driver/Src/stm32f7xx_hal_dma.o
                0x0000000008003234                HAL_DMA_IRQHandler
 .text.DMA_SetConfig
                0x0000000008003548       0x5c Drivers/STM32F7xx_HAL_Driver/Src/stm32f7xx_hal_dma.o
 .text.DMA_CalcBaseAndBitshift
                0x00000000080035a4       0x6c Drivers/STM32F7xx_HAL_Driver/Src/stm32f7xx_hal_dma.o
 .text.DMA_CheckFifoParam
                0x0000000008003610       0xf4 Drivers/STM32F7xx_HAL_Driver/Src/stm32f7xx_hal_dma.o
 .text.HAL_GPIO_Init
                0x0000000008003704      0x354 Drivers/STM32F7xx_HAL_Driver/Src/stm32f7xx_hal_gpio.o
                0x0000000008003704                HAL_GPIO_Init
 .text.HAL_GPIO_ReadPin
                0x0000000008003a58       0x30 Drivers/STM32F7xx_HAL_Driver/Src/stm32f7xx_hal_gpio.o
                0x0000000008003a58                HAL_GPIO_ReadPin
 .text.HAL_GPIO_WritePin
                0x0000000008003a88       0x32 Drivers/STM32F7xx_HAL_Driver/Src/stm32f7xx_hal_gpio.o
                0x0000000008003a88                HAL_GPIO_WritePin
 *fill*         0x0000000008003aba        0x2 
 .text.HAL_PWREx_EnableOverDrive
                0x0000000008003abc       0xa0 Drivers/STM32F7xx_HAL_Driver/Src/stm32f7xx_hal_pwr_ex.o
                0x0000000008003abc                HAL_PWREx_EnableOverDrive
 .text.HAL_RCC_OscConfig
                0x0000000008003b5c      0x548 Drivers/STM32F7xx_HAL_Driver/Src/stm32f7xx_hal_rcc.o
                0x0000000008003b5c                HAL_RCC_OscConfig
 .text.HAL_RCC_ClockConfig
                0x00000000080040a4      0x1d8 Drivers/STM32F7xx_HAL_Driver/Src/stm32f7xx_hal_rcc.o
                0x00000000080040a4                HAL_RCC_ClockConfig
 .text.HAL_RCC_GetSysClockFreq
                0x000000000800427c      0x164 Drivers/STM32F7xx_HAL_Driver/Src/stm32f7xx_hal_rcc.o
                0x000000000800427c                HAL_RCC_GetSysClockFreq
 .text.HAL_TIM_Base_Init
                0x00000000080043e0       0x56 Drivers/STM32F7xx_HAL_Driver/Src/stm32f7xx_hal_tim.o
                0x00000000080043e0                HAL_TIM_Base_Init
 .text.HAL_TIM_IC_Init
                0x0000000008004436       0x56 Drivers/STM32F7xx_HAL_Driver/Src/stm32f7xx_hal_tim.o
                0x0000000008004436                HAL_TIM_IC_Init
 .text.HAL_TIM_IC_MspInit
                0x000000000800448c       0x14 Drivers/STM32F7xx_HAL_Driver/Src/stm32f7xx_hal_tim.o
                0x000000000800448c                HAL_TIM_IC_MspInit
 .text.HAL_TIM_IC_Start_IT
                0x00000000080044a0       0xdc Drivers/STM32F7xx_HAL_Driver/Src/stm32f7xx_hal_tim.o
                0x00000000080044a0                HAL_TIM_IC_Start_IT
 .text.HAL_TIM_IC_ConfigChannel
                0x000000000800457c      0x138 Drivers/STM32F7xx_HAL_Driver/Src/stm32f7xx_hal_tim.o
                0x000000000800457c                HAL_TIM_IC_ConfigChannel
 .text.HAL_TIM_ConfigClockSource
                0x00000000080046b4      0x174 Drivers/STM32F7xx_HAL_Driver/Src/stm32f7xx_hal_tim.o
                0x00000000080046b4                HAL_TIM_ConfigClockSource
 .text.TIM_Base_SetConfig
                0x0000000008004828      0x140 Drivers/STM32F7xx_HAL_Driver/Src/stm32f7xx_hal_tim.o
                0x0000000008004828                TIM_Base_SetConfig
 .text.TIM_TI1_SetConfig
                0x0000000008004968       0xe8 Drivers/STM32F7xx_HAL_Driver/Src/stm32f7xx_hal_tim.o
                0x0000000008004968                TIM_TI1_SetConfig
 .text.TIM_TI1_ConfigInputStage
                0x0000000008004a50       0x5e Drivers/STM32F7xx_HAL_Driver/Src/stm32f7xx_hal_tim.o
 .text.TIM_TI2_SetConfig
                0x0000000008004aae       0x7a Drivers/STM32F7xx_HAL_Driver/Src/stm32f7xx_hal_tim.o
 .text.TIM_TI2_ConfigInputStage
                0x0000000008004b28       0x60 Drivers/STM32F7xx_HAL_Driver/Src/stm32f7xx_hal_tim.o
 .text.TIM_TI3_SetConfig
                0x0000000008004b88       0x78 Drivers/STM32F7xx_HAL_Driver/Src/stm32f7xx_hal_tim.o
 .text.TIM_TI4_SetConfig
                0x0000000008004c00       0x7a Drivers/STM32F7xx_HAL_Driver/Src/stm32f7xx_hal_tim.o
 .text.TIM_ITRx_SetConfig
                0x0000000008004c7a       0x36 Drivers/STM32F7xx_HAL_Driver/Src/stm32f7xx_hal_tim.o
 .text.TIM_ETR_SetConfig
                0x0000000008004cb0       0x40 Drivers/STM32F7xx_HAL_Driver/Src/stm32f7xx_hal_tim.o
                0x0000000008004cb0                TIM_ETR_SetConfig
 .text.TIM_CCxChannelCmd
                0x0000000008004cf0       0x4a Drivers/STM32F7xx_HAL_Driver/Src/stm32f7xx_hal_tim.o
                0x0000000008004cf0                TIM_CCxChannelCmd
 *fill*         0x0000000008004d3a        0x2 
 .text.HAL_TIMEx_MasterConfigSynchronization
                0x0000000008004d3c      0x11c Drivers/STM32F7xx_HAL_Driver/Src/stm32f7xx_hal_tim_ex.o
                0x0000000008004d3c                HAL_TIMEx_MasterConfigSynchronization
 .text.SpectrogramColumn
                0x0000000008004e58      0x10e Drivers/STM32_AI_AudioPreprocessing_Library/Src/feature_extraction.o
                0x0000000008004e58                SpectrogramColumn
 .text.MelSpectrogramColumn
                0x0000000008004f66       0x38 Drivers/STM32_AI_AudioPreprocessing_Library/Src/feature_extraction.o
                0x0000000008004f66                MelSpectrogramColumn
 .text.MelFilterbank
                0x0000000008004f9e       0xa8 Drivers/STM32_AI_AudioPreprocessing_Library/Src/mel_filterbank.o
                0x0000000008004f9e                MelFilterbank
 *fill*         0x0000000008005046        0x2 
 .text.ai_log_err
                0x0000000008005048       0x40 X-CUBE-AI/App/app_x-cube-ai.o
 .text.ai_boostrap
                0x0000000008005088      0x10c X-CUBE-AI/App/app_x-cube-ai.o
 .text.ai_run   0x0000000008005194       0x68 X-CUBE-AI/App/app_x-cube-ai.o
                0x0000000008005194                ai_run
 .text.MX_X_CUBE_AI_Init
                0x00000000080051fc       0x24 X-CUBE-AI/App/app_x-cube-ai.o
                0x00000000080051fc                MX_X_CUBE_AI_Init
 .text.network_configure_activations
                0x0000000008005220       0xf0 X-CUBE-AI/App/network.o
 .text.network_configure_weights
                0x0000000008005310      0x22c X-CUBE-AI/App/network.o
 .text.ai_network_get_info
                0x000000000800553c       0xd0 X-CUBE-AI/App/network.o
                0x000000000800553c                ai_network_get_info
 .text.ai_network_get_error
                0x000000000800560c       0x18 X-CUBE-AI/App/network.o
                0x000000000800560c                ai_network_get_error
 .text.ai_network_create
                0x0000000008005624       0x2c X-CUBE-AI/App/network.o
                0x0000000008005624                ai_network_create
 .text.ai_network_destroy
                0x0000000008005650       0x18 X-CUBE-AI/App/network.o
                0x0000000008005650                ai_network_destroy
 .text.ai_network_init
                0x0000000008005668       0x7e X-CUBE-AI/App/network.o
                0x0000000008005668                ai_network_init
 .text.ai_network_run
                0x00000000080056e6       0x20 X-CUBE-AI/App/network.o
                0x00000000080056e6                ai_network_run
 *fill*         0x0000000008005706        0x2 
 .text.ai_network_data_weights_get
                0x0000000008005708       0x14 X-CUBE-AI/App/network_data.o
                0x0000000008005708                ai_network_data_weights_get
 .text.arm_rfft_fast_init_f32
                0x000000000800571c      0x164 ../libs\libarm_cortexM7lfdp_math.a(arm_rfft_fast_init_f32.o)
                0x000000000800571c                arm_rfft_fast_init_f32
 .text.arm_rfft_fast_f32
                0x0000000008005880      0x188 ../libs\libarm_cortexM7lfdp_math.a(arm_rfft_fast_f32.o)
                0x0000000008005880                arm_rfft_fast_f32
 .text.arm_cfft_radix8by2_f32
                0x0000000008005a08      0x1a4 ../libs\libarm_cortexM7lfdp_math.a(arm_cfft_f32.o)
                0x0000000008005a08                arm_cfft_radix8by2_f32
 .text.arm_cfft_radix8by4_f32
                0x0000000008005bac      0x4b0 ../libs\libarm_cortexM7lfdp_math.a(arm_cfft_f32.o)
                0x0000000008005bac                arm_cfft_radix8by4_f32
 .text.arm_cfft_f32
                0x000000000800605c       0xf0 ../libs\libarm_cortexM7lfdp_math.a(arm_cfft_f32.o)
                0x000000000800605c                arm_cfft_f32
 .text.arm_cmplx_mag_squared_f32
                0x000000000800614c       0xb0 ../libs\libarm_cortexM7lfdp_math.a(arm_cmplx_mag_squared_f32.o)
                0x000000000800614c                arm_cmplx_mag_squared_f32
 .text.arm_mult_f32
                0x00000000080061fc       0x8c ../libs\libarm_cortexM7lfdp_math.a(arm_mult_f32.o)
                0x00000000080061fc                arm_mult_f32
 .text.arm_radix8_butterfly_f32
                0x0000000008006288      0x5c0 ../libs\libarm_cortexM7lfdp_math.a(arm_cfft_radix8_f32.o)
                0x0000000008006288                arm_radix8_butterfly_f32
 .text.ai_platform_runtime_get_revision
                0x0000000008006848       0x9c ../Middlewares/ST/AI/Lib\NetworkRuntime520_CM7_GCC.a(ai_platform_interface.o)
                0x0000000008006848                ai_platform_runtime_get_revision
 .text.ai_platform_runtime_get_version
                0x00000000080068e4       0xc4 ../Middlewares/ST/AI/Lib\NetworkRuntime520_CM7_GCC.a(ai_platform_interface.o)
                0x00000000080068e4                ai_platform_runtime_get_version
 .text.ai_platform_api_get_version
                0x00000000080069a8       0xc4 ../Middlewares/ST/AI/Lib\NetworkRuntime520_CM7_GCC.a(ai_platform_interface.o)
                0x00000000080069a8                ai_platform_api_get_version
 .text.ai_platform_interface_api_get_version
                0x0000000008006a6c       0xc4 ../Middlewares/ST/AI/Lib\NetworkRuntime520_CM7_GCC.a(ai_platform_interface.o)
                0x0000000008006a6c                ai_platform_interface_api_get_version
 .text.ai_platform_context_acquire
                0x0000000008006b30       0xa4 ../Middlewares/ST/AI/Lib\NetworkRuntime520_CM7_GCC.a(ai_platform_interface.o)
                0x0000000008006b30                ai_platform_context_acquire
 .text.ai_platform_network_get_error
                0x0000000008006bd4      0x11c ../Middlewares/ST/AI/Lib\NetworkRuntime520_CM7_GCC.a(ai_platform_interface.o)
                0x0000000008006bd4                ai_platform_network_get_error
 .text.ai_platform_api_get_network_report
                0x0000000008006cf0      0x51c ../Middlewares/ST/AI/Lib\NetworkRuntime520_CM7_GCC.a(ai_platform_interface.o)
                0x0000000008006cf0                ai_platform_api_get_network_report
 .text.ai_platform_network_create
                0x000000000800720c      0x108 ../Middlewares/ST/AI/Lib\NetworkRuntime520_CM7_GCC.a(ai_platform_interface.o)
                0x000000000800720c                ai_platform_network_create
 .text.ai_platform_network_destroy
                0x0000000008007314      0x114 ../Middlewares/ST/AI/Lib\NetworkRuntime520_CM7_GCC.a(ai_platform_interface.o)
                0x0000000008007314                ai_platform_network_destroy
 .text.ai_platform_network_init
                0x0000000008007428      0x1d0 ../Middlewares/ST/AI/Lib\NetworkRuntime520_CM7_GCC.a(ai_platform_interface.o)
                0x0000000008007428                ai_platform_network_init
 .text.ai_platform_network_post_init
                0x00000000080075f8      0x158 ../Middlewares/ST/AI/Lib\NetworkRuntime520_CM7_GCC.a(ai_platform_interface.o)
                0x00000000080075f8                ai_platform_network_post_init
 .text.ai_platform_network_process
                0x0000000008007750      0x560 ../Middlewares/ST/AI/Lib\NetworkRuntime520_CM7_GCC.a(ai_platform_interface.o)
                0x0000000008007750                ai_platform_network_process
 .text.core_init
                0x0000000008007cb0        0x4 ../Middlewares/ST/AI/Lib\NetworkRuntime520_CM7_GCC.a(core_common.o)
                0x0000000008007cb0                core_init
 .text.core_get_error
                0x0000000008007cb4        0xc ../Middlewares/ST/AI/Lib\NetworkRuntime520_CM7_GCC.a(core_common.o)
                0x0000000008007cb4                core_get_error
 .text.core_set_error
                0x0000000008007cc0       0x18 ../Middlewares/ST/AI/Lib\NetworkRuntime520_CM7_GCC.a(core_common.o)
                0x0000000008007cc0                core_set_error
 .text.func_dummy
                0x0000000008007cd8        0x4 ../Middlewares/ST/AI/Lib\NetworkRuntime520_CM7_GCC.a(layers_conv2d_generic_float.o)
 .text.ai_dict8_dot_array_f32
                0x0000000008007cdc      0x460 ../Middlewares/ST/AI/Lib\NetworkRuntime520_CM7_GCC.a(layers_conv2d_generic_float.o)
                0x0000000008007cdc                ai_dict8_dot_array_f32
 .text.ai_dict4_dot_array_f32
                0x000000000800813c      0x17c ../Middlewares/ST/AI/Lib\NetworkRuntime520_CM7_GCC.a(layers_conv2d_generic_float.o)
                0x000000000800813c                ai_dict4_dot_array_f32
 .text.ai_dict_decompress_f32
                0x00000000080082b8       0xa0 ../Middlewares/ST/AI/Lib\NetworkRuntime520_CM7_GCC.a(layers_conv2d_generic_float.o)
                0x00000000080082b8                ai_dict_decompress_f32
 .text.forward_conv2d
                0x0000000008008358      0xf70 ../Middlewares/ST/AI/Lib\NetworkRuntime520_CM7_GCC.a(layers_conv2d_generic_float.o)
                0x0000000008008358                forward_conv2d
 .text.forward_dense
                0x00000000080092c8      0x44c ../Middlewares/ST/AI/Lib\NetworkRuntime520_CM7_GCC.a(layers_conv2d_generic_float.o)
                0x00000000080092c8                forward_dense
 .text.nl_func_relu_generic_array_f32
                0x0000000008009714       0xf0 ../Middlewares/ST/AI/Lib\NetworkRuntime520_CM7_GCC.a(layers_nl_generic_float.o)
                0x0000000008009714                nl_func_relu_generic_array_f32
 .text.forward_sm
                0x0000000008009804      0x124 ../Middlewares/ST/AI/Lib\NetworkRuntime520_CM7_GCC.a(layers_nl_generic_float.o)
                0x0000000008009804                forward_sm
 .text.forward_mp
                0x0000000008009928      0x18c ../Middlewares/ST/AI/Lib\NetworkRuntime520_CM7_GCC.a(layers_pool_generic_float.o)
                0x0000000008009928                forward_mp
 .text.forward_bn
                0x0000000008009ab4      0x154 ../Middlewares/ST/AI/Lib\NetworkRuntime520_CM7_GCC.a(layers_norm_generic_float.o)
                0x0000000008009ab4                forward_bn
 .text.ai_check_custom_types
                0x0000000008009c08       0x54 ../Middlewares/ST/AI/Lib\NetworkRuntime520_CM7_GCC.a(layers.o)
                0x0000000008009c08                ai_check_custom_types
 .text.ai_layers_forward_all
                0x0000000008009c5c       0x74 ../Middlewares/ST/AI/Lib\NetworkRuntime520_CM7_GCC.a(layers.o)
                0x0000000008009c5c                ai_layers_forward_all
 .text.ai_array_to_buffer_fmt
                0x0000000008009cd0       0x98 ../Middlewares/ST/AI/Lib\NetworkRuntime520_CM7_GCC.a(ai_datatypes_format.o)
                0x0000000008009cd0                ai_array_to_buffer_fmt
 .text.ai_array_get_byte_size
                0x0000000008009d68       0x50 ../Middlewares/ST/AI/Lib\NetworkRuntime520_CM7_GCC.a(ai_datatypes_format.o)
                0x0000000008009d68                ai_array_get_byte_size
 .text.__errno  0x0000000008009db8        0xc c:/st/stm32cubeide_1.3.0/stm32cubeide/plugins/com.st.stm32cube.ide.mcu.externaltools.gnu-tools-for-stm32.7-2018-q2-update.win32_1.5.0.202011040924/tools/bin/../lib/gcc/arm-none-eabi/7.3.1/../../../../arm-none-eabi/lib/thumb/v7e-m/fpv4-sp/hard\libc_nano.a(lib_a-errno.o)
                0x0000000008009db8                __errno
 .text.__libc_init_array
                0x0000000008009dc4       0x48 c:/st/stm32cubeide_1.3.0/stm32cubeide/plugins/com.st.stm32cube.ide.mcu.externaltools.gnu-tools-for-stm32.7-2018-q2-update.win32_1.5.0.202011040924/tools/bin/../lib/gcc/arm-none-eabi/7.3.1/../../../../arm-none-eabi/lib/thumb/v7e-m/fpv4-sp/hard\libc_nano.a(lib_a-init.o)
                0x0000000008009dc4                __libc_init_array
 .text.memcpy   0x0000000008009e0c       0x16 c:/st/stm32cubeide_1.3.0/stm32cubeide/plugins/com.st.stm32cube.ide.mcu.externaltools.gnu-tools-for-stm32.7-2018-q2-update.win32_1.5.0.202011040924/tools/bin/../lib/gcc/arm-none-eabi/7.3.1/../../../../arm-none-eabi/lib/thumb/v7e-m/fpv4-sp/hard\libc_nano.a(lib_a-memcpy-stub.o)
                0x0000000008009e0c                memcpy
 .text.memset   0x0000000008009e22       0x10 c:/st/stm32cubeide_1.3.0/stm32cubeide/plugins/com.st.stm32cube.ide.mcu.externaltools.gnu-tools-for-stm32.7-2018-q2-update.win32_1.5.0.202011040924/tools/bin/../lib/gcc/arm-none-eabi/7.3.1/../../../../arm-none-eabi/lib/thumb/v7e-m/fpv4-sp/hard\libc_nano.a(lib_a-memset.o)
                0x0000000008009e22                memset
 *fill*         0x0000000008009e32        0x2 
 .text._free_r  0x0000000008009e34       0x9c c:/st/stm32cubeide_1.3.0/stm32cubeide/plugins/com.st.stm32cube.ide.mcu.externaltools.gnu-tools-for-stm32.7-2018-q2-update.win32_1.5.0.202011040924/tools/bin/../lib/gcc/arm-none-eabi/7.3.1/../../../../arm-none-eabi/lib/thumb/v7e-m/fpv4-sp/hard\libc_nano.a(lib_a-nano-freer.o)
                0x0000000008009e34                _free_r
 .text._malloc_r
                0x0000000008009ed0       0xb4 c:/st/stm32cubeide_1.3.0/stm32cubeide/plugins/com.st.stm32cube.ide.mcu.externaltools.gnu-tools-for-stm32.7-2018-q2-update.win32_1.5.0.202011040924/tools/bin/../lib/gcc/arm-none-eabi/7.3.1/../../../../arm-none-eabi/lib/thumb/v7e-m/fpv4-sp/hard\libc_nano.a(lib_a-nano-mallocr.o)
                0x0000000008009ed0                _malloc_r
 .text.printf   0x0000000008009f84       0x30 c:/st/stm32cubeide_1.3.0/stm32cubeide/plugins/com.st.stm32cube.ide.mcu.externaltools.gnu-tools-for-stm32.7-2018-q2-update.win32_1.5.0.202011040924/tools/bin/../lib/gcc/arm-none-eabi/7.3.1/../../../../arm-none-eabi/lib/thumb/v7e-m/fpv4-sp/hard\libc_nano.a(lib_a-printf.o)
                0x0000000008009f84                iprintf
                0x0000000008009f84                printf
 .text._puts_r  0x0000000008009fb4       0xb8 c:/st/stm32cubeide_1.3.0/stm32cubeide/plugins/com.st.stm32cube.ide.mcu.externaltools.gnu-tools-for-stm32.7-2018-q2-update.win32_1.5.0.202011040924/tools/bin/../lib/gcc/arm-none-eabi/7.3.1/../../../../arm-none-eabi/lib/thumb/v7e-m/fpv4-sp/hard\libc_nano.a(lib_a-puts.o)
                0x0000000008009fb4                _puts_r
 .text.puts     0x000000000800a06c       0x10 c:/st/stm32cubeide_1.3.0/stm32cubeide/plugins/com.st.stm32cube.ide.mcu.externaltools.gnu-tools-for-stm32.7-2018-q2-update.win32_1.5.0.202011040924/tools/bin/../lib/gcc/arm-none-eabi/7.3.1/../../../../arm-none-eabi/lib/thumb/v7e-m/fpv4-sp/hard\libc_nano.a(lib_a-puts.o)
                0x000000000800a06c                puts
 .text._sbrk_r  0x000000000800a07c       0x20 c:/st/stm32cubeide_1.3.0/stm32cubeide/plugins/com.st.stm32cube.ide.mcu.externaltools.gnu-tools-for-stm32.7-2018-q2-update.win32_1.5.0.202011040924/tools/bin/../lib/gcc/arm-none-eabi/7.3.1/../../../../arm-none-eabi/lib/thumb/v7e-m/fpv4-sp/hard\libc_nano.a(lib_a-sbrkr.o)
                0x000000000800a07c                _sbrk_r
 .text.__swbuf_r
                0x000000000800a09c       0xa4 c:/st/stm32cubeide_1.3.0/stm32cubeide/plugins/com.st.stm32cube.ide.mcu.externaltools.gnu-tools-for-stm32.7-2018-q2-update.win32_1.5.0.202011040924/tools/bin/../lib/gcc/arm-none-eabi/7.3.1/../../../../arm-none-eabi/lib/thumb/v7e-m/fpv4-sp/hard\libc_nano.a(lib_a-wbuf.o)
                0x000000000800a09c                __swbuf_r
 .text.__swsetup_r
                0x000000000800a140       0xdc c:/st/stm32cubeide_1.3.0/stm32cubeide/plugins/com.st.stm32cube.ide.mcu.externaltools.gnu-tools-for-stm32.7-2018-q2-update.win32_1.5.0.202011040924/tools/bin/../lib/gcc/arm-none-eabi/7.3.1/../../../../arm-none-eabi/lib/thumb/v7e-m/fpv4-sp/hard\libc_nano.a(lib_a-wsetup.o)
                0x000000000800a140                __swsetup_r
 .text.__sflush_r
                0x000000000800a21c      0x10c c:/st/stm32cubeide_1.3.0/stm32cubeide/plugins/com.st.stm32cube.ide.mcu.externaltools.gnu-tools-for-stm32.7-2018-q2-update.win32_1.5.0.202011040924/tools/bin/../lib/gcc/arm-none-eabi/7.3.1/../../../../arm-none-eabi/lib/thumb/v7e-m/fpv4-sp/hard\libc_nano.a(lib_a-fflush.o)
                0x000000000800a21c                __sflush_r
 .text._fflush_r
                0x000000000800a328       0x54 c:/st/stm32cubeide_1.3.0/stm32cubeide/plugins/com.st.stm32cube.ide.mcu.externaltools.gnu-tools-for-stm32.7-2018-q2-update.win32_1.5.0.202011040924/tools/bin/../lib/gcc/arm-none-eabi/7.3.1/../../../../arm-none-eabi/lib/thumb/v7e-m/fpv4-sp/hard\libc_nano.a(lib_a-fflush.o)
                0x000000000800a328                _fflush_r
 .text.std      0x000000000800a37c       0x48 c:/st/stm32cubeide_1.3.0/stm32cubeide/plugins/com.st.stm32cube.ide.mcu.externaltools.gnu-tools-for-stm32.7-2018-q2-update.win32_1.5.0.202011040924/tools/bin/../lib/gcc/arm-none-eabi/7.3.1/../../../../arm-none-eabi/lib/thumb/v7e-m/fpv4-sp/hard\libc_nano.a(lib_a-findfp.o)
 .text._cleanup_r
                0x000000000800a3c4        0xc c:/st/stm32cubeide_1.3.0/stm32cubeide/plugins/com.st.stm32cube.ide.mcu.externaltools.gnu-tools-for-stm32.7-2018-q2-update.win32_1.5.0.202011040924/tools/bin/../lib/gcc/arm-none-eabi/7.3.1/../../../../arm-none-eabi/lib/thumb/v7e-m/fpv4-sp/hard\libc_nano.a(lib_a-findfp.o)
                0x000000000800a3c4                _cleanup_r
 .text.__sfmoreglue
                0x000000000800a3d0       0x2c c:/st/stm32cubeide_1.3.0/stm32cubeide/plugins/com.st.stm32cube.ide.mcu.externaltools.gnu-tools-for-stm32.7-2018-q2-update.win32_1.5.0.202011040924/tools/bin/../lib/gcc/arm-none-eabi/7.3.1/../../../../arm-none-eabi/lib/thumb/v7e-m/fpv4-sp/hard\libc_nano.a(lib_a-findfp.o)
                0x000000000800a3d0                __sfmoreglue
 .text.__sinit  0x000000000800a3fc       0x60 c:/st/stm32cubeide_1.3.0/stm32cubeide/plugins/com.st.stm32cube.ide.mcu.externaltools.gnu-tools-for-stm32.7-2018-q2-update.win32_1.5.0.202011040924/tools/bin/../lib/gcc/arm-none-eabi/7.3.1/../../../../arm-none-eabi/lib/thumb/v7e-m/fpv4-sp/hard\libc_nano.a(lib_a-findfp.o)
                0x000000000800a3fc                __sinit
 .text.__sfp    0x000000000800a45c       0x78 c:/st/stm32cubeide_1.3.0/stm32cubeide/plugins/com.st.stm32cube.ide.mcu.externaltools.gnu-tools-for-stm32.7-2018-q2-update.win32_1.5.0.202011040924/tools/bin/../lib/gcc/arm-none-eabi/7.3.1/../../../../arm-none-eabi/lib/thumb/v7e-m/fpv4-sp/hard\libc_nano.a(lib_a-findfp.o)
                0x000000000800a45c                __sfp
 .text._fwalk_reent
                0x000000000800a4d4       0x3c c:/st/stm32cubeide_1.3.0/stm32cubeide/plugins/com.st.stm32cube.ide.mcu.externaltools.gnu-tools-for-stm32.7-2018-q2-update.win32_1.5.0.202011040924/tools/bin/../lib/gcc/arm-none-eabi/7.3.1/../../../../arm-none-eabi/lib/thumb/v7e-m/fpv4-sp/hard\libc_nano.a(lib_a-fwalk.o)
                0x000000000800a4d4                _fwalk_reent
 .text.__swhatbuf_r
                0x000000000800a510       0x48 c:/st/stm32cubeide_1.3.0/stm32cubeide/plugins/com.st.stm32cube.ide.mcu.externaltools.gnu-tools-for-stm32.7-2018-q2-update.win32_1.5.0.202011040924/tools/bin/../lib/gcc/arm-none-eabi/7.3.1/../../../../arm-none-eabi/lib/thumb/v7e-m/fpv4-sp/hard\libc_nano.a(lib_a-makebuf.o)
                0x000000000800a510                __swhatbuf_r
 .text.__smakebuf_r
                0x000000000800a558       0x80 c:/st/stm32cubeide_1.3.0/stm32cubeide/plugins/com.st.stm32cube.ide.mcu.externaltools.gnu-tools-for-stm32.7-2018-q2-update.win32_1.5.0.202011040924/tools/bin/../lib/gcc/arm-none-eabi/7.3.1/../../../../arm-none-eabi/lib/thumb/v7e-m/fpv4-sp/hard\libc_nano.a(lib_a-makebuf.o)
                0x000000000800a558                __smakebuf_r
 .text.__malloc_lock
                0x000000000800a5d8        0x2 c:/st/stm32cubeide_1.3.0/stm32cubeide/plugins/com.st.stm32cube.ide.mcu.externaltools.gnu-tools-for-stm32.7-2018-q2-update.win32_1.5.0.202011040924/tools/bin/../lib/gcc/arm-none-eabi/7.3.1/../../../../arm-none-eabi/lib/thumb/v7e-m/fpv4-sp/hard\libc_nano.a(lib_a-mlock.o)
                0x000000000800a5d8                __malloc_lock
 .text.__malloc_unlock
                0x000000000800a5da        0x2 c:/st/stm32cubeide_1.3.0/stm32cubeide/plugins/com.st.stm32cube.ide.mcu.externaltools.gnu-tools-for-stm32.7-2018-q2-update.win32_1.5.0.202011040924/tools/bin/../lib/gcc/arm-none-eabi/7.3.1/../../../../arm-none-eabi/lib/thumb/v7e-m/fpv4-sp/hard\libc_nano.a(lib_a-mlock.o)
                0x000000000800a5da                __malloc_unlock
 .text.__sfputc_r
                0x000000000800a5dc       0x2e c:/st/stm32cubeide_1.3.0/stm32cubeide/plugins/com.st.stm32cube.ide.mcu.externaltools.gnu-tools-for-stm32.7-2018-q2-update.win32_1.5.0.202011040924/tools/bin/../lib/gcc/arm-none-eabi/7.3.1/../../../../arm-none-eabi/lib/thumb/v7e-m/fpv4-sp/hard\libc_nano.a(lib_a-nano-vfprintf.o)
 .text.__sfputs_r
                0x000000000800a60a       0x24 c:/st/stm32cubeide_1.3.0/stm32cubeide/plugins/com.st.stm32cube.ide.mcu.externaltools.gnu-tools-for-stm32.7-2018-q2-update.win32_1.5.0.202011040924/tools/bin/../lib/gcc/arm-none-eabi/7.3.1/../../../../arm-none-eabi/lib/thumb/v7e-m/fpv4-sp/hard\libc_nano.a(lib_a-nano-vfprintf.o)
                0x000000000800a60a                __sfputs_r
 *fill*         0x000000000800a62e        0x2 
 .text._vfprintf_r
                0x000000000800a630      0x22c c:/st/stm32cubeide_1.3.0/stm32cubeide/plugins/com.st.stm32cube.ide.mcu.externaltools.gnu-tools-for-stm32.7-2018-q2-update.win32_1.5.0.202011040924/tools/bin/../lib/gcc/arm-none-eabi/7.3.1/../../../../arm-none-eabi/lib/thumb/v7e-m/fpv4-sp/hard\libc_nano.a(lib_a-nano-vfprintf.o)
                0x000000000800a630                _vfprintf_r
                0x000000000800a630                _vfiprintf_r
 .text._printf_common
                0x000000000800a85c       0xea c:/st/stm32cubeide_1.3.0/stm32cubeide/plugins/com.st.stm32cube.ide.mcu.externaltools.gnu-tools-for-stm32.7-2018-q2-update.win32_1.5.0.202011040924/tools/bin/../lib/gcc/arm-none-eabi/7.3.1/../../../../arm-none-eabi/lib/thumb/v7e-m/fpv4-sp/hard\libc_nano.a(lib_a-nano-vfprintf_i.o)
                0x000000000800a85c                _printf_common
 *fill*         0x000000000800a946        0x2 
 .text._printf_i
                0x000000000800a948      0x224 c:/st/stm32cubeide_1.3.0/stm32cubeide/plugins/com.st.stm32cube.ide.mcu.externaltools.gnu-tools-for-stm32.7-2018-q2-update.win32_1.5.0.202011040924/tools/bin/../lib/gcc/arm-none-eabi/7.3.1/../../../../arm-none-eabi/lib/thumb/v7e-m/fpv4-sp/hard\libc_nano.a(lib_a-nano-vfprintf_i.o)
                0x000000000800a948                _printf_i
 .text.__sread  0x000000000800ab6c       0x22 c:/st/stm32cubeide_1.3.0/stm32cubeide/plugins/com.st.stm32cube.ide.mcu.externaltools.gnu-tools-for-stm32.7-2018-q2-update.win32_1.5.0.202011040924/tools/bin/../lib/gcc/arm-none-eabi/7.3.1/../../../../arm-none-eabi/lib/thumb/v7e-m/fpv4-sp/hard\libc_nano.a(lib_a-stdio.o)
                0x000000000800ab6c                __sread
 .text.__swrite
                0x000000000800ab8e       0x38 c:/st/stm32cubeide_1.3.0/stm32cubeide/plugins/com.st.stm32cube.ide.mcu.externaltools.gnu-tools-for-stm32.7-2018-q2-update.win32_1.5.0.202011040924/tools/bin/../lib/gcc/arm-none-eabi/7.3.1/../../../../arm-none-eabi/lib/thumb/v7e-m/fpv4-sp/hard\libc_nano.a(lib_a-stdio.o)
                0x000000000800ab8e                __swrite
 .text.__sseek  0x000000000800abc6       0x24 c:/st/stm32cubeide_1.3.0/stm32cubeide/plugins/com.st.stm32cube.ide.mcu.externaltools.gnu-tools-for-stm32.7-2018-q2-update.win32_1.5.0.202011040924/tools/bin/../lib/gcc/arm-none-eabi/7.3.1/../../../../arm-none-eabi/lib/thumb/v7e-m/fpv4-sp/hard\libc_nano.a(lib_a-stdio.o)
                0x000000000800abc6                __sseek
 .text.__sclose
                0x000000000800abea        0x8 c:/st/stm32cubeide_1.3.0/stm32cubeide/plugins/com.st.stm32cube.ide.mcu.externaltools.gnu-tools-for-stm32.7-2018-q2-update.win32_1.5.0.202011040924/tools/bin/../lib/gcc/arm-none-eabi/7.3.1/../../../../arm-none-eabi/lib/thumb/v7e-m/fpv4-sp/hard\libc_nano.a(lib_a-stdio.o)
                0x000000000800abea                __sclose
 *fill*         0x000000000800abf2        0x2 
 .text._write_r
                0x000000000800abf4       0x24 c:/st/stm32cubeide_1.3.0/stm32cubeide/plugins/com.st.stm32cube.ide.mcu.externaltools.gnu-tools-for-stm32.7-2018-q2-update.win32_1.5.0.202011040924/tools/bin/../lib/gcc/arm-none-eabi/7.3.1/../../../../arm-none-eabi/lib/thumb/v7e-m/fpv4-sp/hard\libc_nano.a(lib_a-writer.o)
                0x000000000800abf4                _write_r
 .text._close_r
                0x000000000800ac18       0x20 c:/st/stm32cubeide_1.3.0/stm32cubeide/plugins/com.st.stm32cube.ide.mcu.externaltools.gnu-tools-for-stm32.7-2018-q2-update.win32_1.5.0.202011040924/tools/bin/../lib/gcc/arm-none-eabi/7.3.1/../../../../arm-none-eabi/lib/thumb/v7e-m/fpv4-sp/hard\libc_nano.a(lib_a-closer.o)
                0x000000000800ac18                _close_r
 .text._fstat_r
                0x000000000800ac38       0x24 c:/st/stm32cubeide_1.3.0/stm32cubeide/plugins/com.st.stm32cube.ide.mcu.externaltools.gnu-tools-for-stm32.7-2018-q2-update.win32_1.5.0.202011040924/tools/bin/../lib/gcc/arm-none-eabi/7.3.1/../../../../arm-none-eabi/lib/thumb/v7e-m/fpv4-sp/hard\libc_nano.a(lib_a-fstatr.o)
                0x000000000800ac38                _fstat_r
 .text._isatty_r
                0x000000000800ac5c       0x20 c:/st/stm32cubeide_1.3.0/stm32cubeide/plugins/com.st.stm32cube.ide.mcu.externaltools.gnu-tools-for-stm32.7-2018-q2-update.win32_1.5.0.202011040924/tools/bin/../lib/gcc/arm-none-eabi/7.3.1/../../../../arm-none-eabi/lib/thumb/v7e-m/fpv4-sp/hard\libc_nano.a(lib_a-isattyr.o)
                0x000000000800ac5c                _isatty_r
 .text._lseek_r
                0x000000000800ac7c       0x24 c:/st/stm32cubeide_1.3.0/stm32cubeide/plugins/com.st.stm32cube.ide.mcu.externaltools.gnu-tools-for-stm32.7-2018-q2-update.win32_1.5.0.202011040924/tools/bin/../lib/gcc/arm-none-eabi/7.3.1/../../../../arm-none-eabi/lib/thumb/v7e-m/fpv4-sp/hard\libc_nano.a(lib_a-lseekr.o)
                0x000000000800ac7c                _lseek_r
 .text._read_r  0x000000000800aca0       0x24 c:/st/stm32cubeide_1.3.0/stm32cubeide/plugins/com.st.stm32cube.ide.mcu.externaltools.gnu-tools-for-stm32.7-2018-q2-update.win32_1.5.0.202011040924/tools/bin/../lib/gcc/arm-none-eabi/7.3.1/../../../../arm-none-eabi/lib/thumb/v7e-m/fpv4-sp/hard\libc_nano.a(lib_a-readr.o)
                0x000000000800aca0                _read_r
 .text.expf     0x000000000800acc4       0xf4 c:/st/stm32cubeide_1.3.0/stm32cubeide/plugins/com.st.stm32cube.ide.mcu.externaltools.gnu-tools-for-stm32.7-2018-q2-update.win32_1.5.0.202011040924/tools/bin/../lib/gcc/arm-none-eabi/7.3.1/../../../../arm-none-eabi/lib/thumb/v7e-m/fpv4-sp/hard\libm.a(lib_a-wf_exp.o)
                0x000000000800acc4                expf
 .text.log10f   0x000000000800adb8       0xec c:/st/stm32cubeide_1.3.0/stm32cubeide/plugins/com.st.stm32cube.ide.mcu.externaltools.gnu-tools-for-stm32.7-2018-q2-update.win32_1.5.0.202011040924/tools/bin/../lib/gcc/arm-none-eabi/7.3.1/../../../../arm-none-eabi/lib/thumb/v7e-m/fpv4-sp/hard\libm.a(lib_a-wf_log10.o)
                0x000000000800adb8                log10f
 .text.sqrtf    0x000000000800aea4       0xa0 c:/st/stm32cubeide_1.3.0/stm32cubeide/plugins/com.st.stm32cube.ide.mcu.externaltools.gnu-tools-for-stm32.7-2018-q2-update.win32_1.5.0.202011040924/tools/bin/../lib/gcc/arm-none-eabi/7.3.1/../../../../arm-none-eabi/lib/thumb/v7e-m/fpv4-sp/hard\libm.a(lib_a-wf_sqrt.o)
                0x000000000800aea4                sqrtf
 .text.__ieee754_expf
                0x000000000800af44      0x1a8 c:/st/stm32cubeide_1.3.0/stm32cubeide/plugins/com.st.stm32cube.ide.mcu.externaltools.gnu-tools-for-stm32.7-2018-q2-update.win32_1.5.0.202011040924/tools/bin/../lib/gcc/arm-none-eabi/7.3.1/../../../../arm-none-eabi/lib/thumb/v7e-m/fpv4-sp/hard\libm.a(lib_a-ef_exp.o)
                0x000000000800af44                __ieee754_expf
 .text.__ieee754_logf
                0x000000000800b0ec      0x1dc c:/st/stm32cubeide_1.3.0/stm32cubeide/plugins/com.st.stm32cube.ide.mcu.externaltools.gnu-tools-for-stm32.7-2018-q2-update.win32_1.5.0.202011040924/tools/bin/../lib/gcc/arm-none-eabi/7.3.1/../../../../arm-none-eabi/lib/thumb/v7e-m/fpv4-sp/hard\libm.a(lib_a-ef_log.o)
                0x000000000800b0ec                __ieee754_logf
 .text.__ieee754_log10f
                0x000000000800b2c8       0xac c:/st/stm32cubeide_1.3.0/stm32cubeide/plugins/com.st.stm32cube.ide.mcu.externaltools.gnu-tools-for-stm32.7-2018-q2-update.win32_1.5.0.202011040924/tools/bin/../lib/gcc/arm-none-eabi/7.3.1/../../../../arm-none-eabi/lib/thumb/v7e-m/fpv4-sp/hard\libm.a(lib_a-ef_log10.o)
                0x000000000800b2c8                __ieee754_log10f
 .text.__ieee754_sqrtf
                0x000000000800b374        0x6 c:/st/stm32cubeide_1.3.0/stm32cubeide/plugins/com.st.stm32cube.ide.mcu.externaltools.gnu-tools-for-stm32.7-2018-q2-update.win32_1.5.0.202011040924/tools/bin/../lib/gcc/arm-none-eabi/7.3.1/../../../../arm-none-eabi/lib/thumb/v7e-m/fpv4-sp/hard\libm.a(lib_a-ef_sqrt.o)
                0x000000000800b374                __ieee754_sqrtf
 .text.matherr  0x000000000800b37a        0x4 c:/st/stm32cubeide_1.3.0/stm32cubeide/plugins/com.st.stm32cube.ide.mcu.externaltools.gnu-tools-for-stm32.7-2018-q2-update.win32_1.5.0.202011040924/tools/bin/../lib/gcc/arm-none-eabi/7.3.1/../../../../arm-none-eabi/lib/thumb/v7e-m/fpv4-sp/hard\libm.a(lib_a-s_matherr.o)
                0x000000000800b37a                matherr
 *fill*         0x000000000800b37e        0x2 
 .text.nan      0x000000000800b380       0x10 c:/st/stm32cubeide_1.3.0/stm32cubeide/plugins/com.st.stm32cube.ide.mcu.externaltools.gnu-tools-for-stm32.7-2018-q2-update.win32_1.5.0.202011040924/tools/bin/../lib/gcc/arm-none-eabi/7.3.1/../../../../arm-none-eabi/lib/thumb/v7e-m/fpv4-sp/hard\libm.a(lib_a-s_nan.o)
                0x000000000800b380                nan
 .text.finitef  0x000000000800b390       0x14 c:/st/stm32cubeide_1.3.0/stm32cubeide/plugins/com.st.stm32cube.ide.mcu.externaltools.gnu-tools-for-stm32.7-2018-q2-update.win32_1.5.0.202011040924/tools/bin/../lib/gcc/arm-none-eabi/7.3.1/../../../../arm-none-eabi/lib/thumb/v7e-m/fpv4-sp/hard\libm.a(lib_a-sf_finite.o)
                0x000000000800b390                finitef
 *(.glue_7)
 .glue_7        0x000000000800b3a4        0x0 linker stubs
 *(.glue_7t)
 .glue_7t       0x000000000800b3a4        0x0 linker stubs
 *(.eh_frame)
 .eh_frame      0x000000000800b3a4        0x0 c:/st/stm32cubeide_1.3.0/stm32cubeide/plugins/com.st.stm32cube.ide.mcu.externaltools.gnu-tools-for-stm32.7-2018-q2-update.win32_1.5.0.202011040924/tools/bin/../lib/gcc/arm-none-eabi/7.3.1/thumb/v7e-m/fpv4-sp/hard/crtbegin.o
 *(.init)
 .init          0x000000000800b3a4        0x4 c:/st/stm32cubeide_1.3.0/stm32cubeide/plugins/com.st.stm32cube.ide.mcu.externaltools.gnu-tools-for-stm32.7-2018-q2-update.win32_1.5.0.202011040924/tools/bin/../lib/gcc/arm-none-eabi/7.3.1/thumb/v7e-m/fpv4-sp/hard/crti.o
                0x000000000800b3a4                _init
 .init          0x000000000800b3a8        0x8 c:/st/stm32cubeide_1.3.0/stm32cubeide/plugins/com.st.stm32cube.ide.mcu.externaltools.gnu-tools-for-stm32.7-2018-q2-update.win32_1.5.0.202011040924/tools/bin/../lib/gcc/arm-none-eabi/7.3.1/thumb/v7e-m/fpv4-sp/hard/crtn.o
 *(.fini)
 .fini          0x000000000800b3b0        0x4 c:/st/stm32cubeide_1.3.0/stm32cubeide/plugins/com.st.stm32cube.ide.mcu.externaltools.gnu-tools-for-stm32.7-2018-q2-update.win32_1.5.0.202011040924/tools/bin/../lib/gcc/arm-none-eabi/7.3.1/thumb/v7e-m/fpv4-sp/hard/crti.o
                0x000000000800b3b0                _fini
 .fini          0x000000000800b3b4        0x8 c:/st/stm32cubeide_1.3.0/stm32cubeide/plugins/com.st.stm32cube.ide.mcu.externaltools.gnu-tools-for-stm32.7-2018-q2-update.win32_1.5.0.202011040924/tools/bin/../lib/gcc/arm-none-eabi/7.3.1/thumb/v7e-m/fpv4-sp/hard/crtn.o
                0x000000000800b3bc                . = ALIGN (0x4)
                0x000000000800b3bc                _etext = .

.vfp11_veneer   0x000000000800b3bc        0x0
 .vfp11_veneer  0x000000000800b3bc        0x0 linker stubs

.v4_bx          0x000000000800b3bc        0x0
 .v4_bx         0x000000000800b3bc        0x0 linker stubs

.iplt           0x000000000800b3bc        0x0
 .iplt          0x000000000800b3bc        0x0 c:/st/stm32cubeide_1.3.0/stm32cubeide/plugins/com.st.stm32cube.ide.mcu.externaltools.gnu-tools-for-stm32.7-2018-q2-update.win32_1.5.0.202011040924/tools/bin/../lib/gcc/arm-none-eabi/7.3.1/thumb/v7e-m/fpv4-sp/hard/crtbegin.o

.rodata         0x000000000800b3bc    0x25e58
                0x000000000800b3bc                . = ALIGN (0x4)
 *(.rodata)
 .rodata        0x000000000800b3bc      0x16b X-CUBE-AI/App/app_x-cube-ai.o
 *fill*         0x000000000800b527        0x1 
 .rodata        0x000000000800b528       0x6c X-CUBE-AI/App/network.o
 .rodata        0x000000000800b594        0x4 ../Middlewares/ST/AI/Lib\NetworkRuntime520_CM7_GCC.a(layers.o)
 *(.rodata*)
 .rodata.AHBPrescTable
                0x000000000800b598       0x10 Core/Src/system_stm32f7xx.o
                0x000000000800b598                AHBPrescTable
 .rodata.flagBitshiftOffset.8771
                0x000000000800b5a8        0x8 Drivers/STM32F7xx_HAL_Driver/Src/stm32f7xx_hal_dma.o
 .rodata.hannWin_1024
                0x000000000800b5b0     0x1000 Drivers/STM32_AI_AudioPreprocessing_Library/Src/common_tables.o
                0x000000000800b5b0                hannWin_1024
 .rodata.melFiltersStartIndices_1024_30
                0x000000000800c5b0       0x78 Drivers/STM32_AI_AudioPreprocessing_Library/Src/common_tables.o
                0x000000000800c5b0                melFiltersStartIndices_1024_30
 .rodata.melFiltersStopIndices_1024_30
                0x000000000800c628       0x78 Drivers/STM32_AI_AudioPreprocessing_Library/Src/common_tables.o
                0x000000000800c628                melFiltersStopIndices_1024_30
 .rodata.melFilterLut_1024_30
                0x000000000800c6a0      0xf20 Drivers/STM32_AI_AudioPreprocessing_Library/Src/common_tables.o
                0x000000000800c6a0                melFilterLut_1024_30
 .rodata.conv2d_1_chain
                0x000000000800d5c0        0x8 X-CUBE-AI/App/network.o
 .rodata.conv2d_2_chain
                0x000000000800d5c8        0x8 X-CUBE-AI/App/network.o
 .rodata.batch_normalization_2_chain
                0x000000000800d5d0        0x8 X-CUBE-AI/App/network.o
 .rodata.max_pooling2d_1_chain
                0x000000000800d5d8        0x8 X-CUBE-AI/App/network.o
 .rodata.conv2d_3_chain
                0x000000000800d5e0        0x8 X-CUBE-AI/App/network.o
 .rodata.conv2d_4_chain
                0x000000000800d5e8        0x8 X-CUBE-AI/App/network.o
 .rodata.batch_normalization_4_chain
                0x000000000800d5f0        0x8 X-CUBE-AI/App/network.o
 .rodata.global_max_pooling2d_1_chain
                0x000000000800d5f8        0x8 X-CUBE-AI/App/network.o
 .rodata.dense_1_chain
                0x000000000800d600        0x8 X-CUBE-AI/App/network.o
 .rodata.dense_1_nl_chain
                0x000000000800d608        0x8 X-CUBE-AI/App/network.o
 .rodata.conv2d_1_nl_params_data
                0x000000000800d610        0xc X-CUBE-AI/App/network.o
 .rodata.conv2d_1_nl_params
                0x000000000800d61c       0x10 X-CUBE-AI/App/network.o
 .rodata.conv2d_2_nl_params_data
                0x000000000800d62c        0xc X-CUBE-AI/App/network.o
 .rodata.conv2d_2_nl_params
                0x000000000800d638       0x10 X-CUBE-AI/App/network.o
 .rodata.conv2d_3_nl_params_data
                0x000000000800d648        0xc X-CUBE-AI/App/network.o
 .rodata.conv2d_3_nl_params
                0x000000000800d654       0x10 X-CUBE-AI/App/network.o
 .rodata.conv2d_4_nl_params_data
                0x000000000800d664        0xc X-CUBE-AI/App/network.o
 .rodata.conv2d_4_nl_params
                0x000000000800d670       0x10 X-CUBE-AI/App/network.o
 .rodata.s_network_weights.5657
                0x000000000800d680    0x10668 X-CUBE-AI/App/network_data.o
 .rodata.twiddleCoef_2048
                0x000000000801dce8     0x4000 ../libs\libarm_cortexM7lfdp_math.a(arm_common_tables.o)
                0x000000000801dce8                twiddleCoef_2048
 .rodata.twiddleCoef_rfft_64
                0x0000000008021ce8      0x100 ../libs\libarm_cortexM7lfdp_math.a(arm_common_tables.o)
                0x0000000008021ce8                twiddleCoef_rfft_64
 .rodata.armBitRevIndexTable64
                0x0000000008021de8       0x70 ../libs\libarm_cortexM7lfdp_math.a(arm_common_tables.o)
                0x0000000008021de8                armBitRevIndexTable64
 .rodata.twiddleCoef_rfft_2048
                0x0000000008021e58     0x2000 ../libs\libarm_cortexM7lfdp_math.a(arm_common_tables.o)
                0x0000000008021e58                twiddleCoef_rfft_2048
 .rodata.twiddleCoef_rfft_4096
                0x0000000008023e58     0x4000 ../libs\libarm_cortexM7lfdp_math.a(arm_common_tables.o)
                0x0000000008023e58                twiddleCoef_rfft_4096
 .rodata.twiddleCoef_256
                0x0000000008027e58      0x800 ../libs\libarm_cortexM7lfdp_math.a(arm_common_tables.o)
                0x0000000008027e58                twiddleCoef_256
 .rodata.twiddleCoef_16
                0x0000000008028658       0x80 ../libs\libarm_cortexM7lfdp_math.a(arm_common_tables.o)
                0x0000000008028658                twiddleCoef_16
 .rodata.twiddleCoef_1024
                0x00000000080286d8     0x2000 ../libs\libarm_cortexM7lfdp_math.a(arm_common_tables.o)
                0x00000000080286d8                twiddleCoef_1024
 .rodata.twiddleCoef_32
                0x000000000802a6d8      0x100 ../libs\libarm_cortexM7lfdp_math.a(arm_common_tables.o)
                0x000000000802a6d8                twiddleCoef_32
 .rodata.armBitRevIndexTable1024
                0x000000000802a7d8      0xe10 ../libs\libarm_cortexM7lfdp_math.a(arm_common_tables.o)
                0x000000000802a7d8                armBitRevIndexTable1024
 .rodata.armBitRevIndexTable16
                0x000000000802b5e8       0x28 ../libs\libarm_cortexM7lfdp_math.a(arm_common_tables.o)
                0x000000000802b5e8                armBitRevIndexTable16
 .rodata.twiddleCoef_rfft_32
                0x000000000802b610       0x80 ../libs\libarm_cortexM7lfdp_math.a(arm_common_tables.o)
                0x000000000802b610                twiddleCoef_rfft_32
 .rodata.armBitRevIndexTable32
                0x000000000802b690       0x60 ../libs\libarm_cortexM7lfdp_math.a(arm_common_tables.o)
                0x000000000802b690                armBitRevIndexTable32
 .rodata.twiddleCoef_128
                0x000000000802b6f0      0x400 ../libs\libarm_cortexM7lfdp_math.a(arm_common_tables.o)
                0x000000000802b6f0                twiddleCoef_128
 .rodata.twiddleCoef_512
                0x000000000802baf0     0x1000 ../libs\libarm_cortexM7lfdp_math.a(arm_common_tables.o)
                0x000000000802baf0                twiddleCoef_512
 .rodata.armBitRevIndexTable2048
                0x000000000802caf0     0x1dc0 ../libs\libarm_cortexM7lfdp_math.a(arm_common_tables.o)
                0x000000000802caf0                armBitRevIndexTable2048
 .rodata.twiddleCoef_64
                0x000000000802e8b0      0x200 ../libs\libarm_cortexM7lfdp_math.a(arm_common_tables.o)
                0x000000000802e8b0                twiddleCoef_64
 .rodata.twiddleCoef_rfft_512
                0x000000000802eab0      0x800 ../libs\libarm_cortexM7lfdp_math.a(arm_common_tables.o)
                0x000000000802eab0                twiddleCoef_rfft_512
 .rodata.armBitRevIndexTable512
                0x000000000802f2b0      0x380 ../libs\libarm_cortexM7lfdp_math.a(arm_common_tables.o)
                0x000000000802f2b0                armBitRevIndexTable512
 .rodata.twiddleCoef_rfft_1024
                0x000000000802f630     0x1000 ../libs\libarm_cortexM7lfdp_math.a(arm_common_tables.o)
                0x000000000802f630                twiddleCoef_rfft_1024
 .rodata.twiddleCoef_rfft_256
                0x0000000008030630      0x400 ../libs\libarm_cortexM7lfdp_math.a(arm_common_tables.o)
                0x0000000008030630                twiddleCoef_rfft_256
 .rodata.armBitRevIndexTable256
                0x0000000008030a30      0x370 ../libs\libarm_cortexM7lfdp_math.a(arm_common_tables.o)
                0x0000000008030a30                armBitRevIndexTable256
 .rodata.twiddleCoef_rfft_128
                0x0000000008030da0      0x200 ../libs\libarm_cortexM7lfdp_math.a(arm_common_tables.o)
                0x0000000008030da0                twiddleCoef_rfft_128
 .rodata.armBitRevIndexTable128
                0x0000000008030fa0      0x1a0 ../libs\libarm_cortexM7lfdp_math.a(arm_common_tables.o)
                0x0000000008030fa0                armBitRevIndexTable128
 .rodata.ai_platform_runtime_get_revision.str1.4
                0x0000000008031140        0x4 ../Middlewares/ST/AI/Lib\NetworkRuntime520_CM7_GCC.a(ai_platform_interface.o)
                                          0x1 (size before relaxing)
 .rodata.v.8531
                0x0000000008031144        0x4 ../Middlewares/ST/AI/Lib\NetworkRuntime520_CM7_GCC.a(ai_platform_interface.o)
 .rodata.v.8535
                0x0000000008031148        0x4 ../Middlewares/ST/AI/Lib\NetworkRuntime520_CM7_GCC.a(ai_platform_interface.o)
 .rodata.v.8539
                0x000000000803114c        0x4 ../Middlewares/ST/AI/Lib\NetworkRuntime520_CM7_GCC.a(ai_platform_interface.o)
 .rodata._global_impure_ptr
                0x0000000008031150        0x4 c:/st/stm32cubeide_1.3.0/stm32cubeide/plugins/com.st.stm32cube.ide.mcu.externaltools.gnu-tools-for-stm32.7-2018-q2-update.win32_1.5.0.202011040924/tools/bin/../lib/gcc/arm-none-eabi/7.3.1/../../../../arm-none-eabi/lib/thumb/v7e-m/fpv4-sp/hard\libc_nano.a(lib_a-impure.o)
                0x0000000008031150                _global_impure_ptr
 .rodata.__sf_fake_stderr
                0x0000000008031154       0x20 c:/st/stm32cubeide_1.3.0/stm32cubeide/plugins/com.st.stm32cube.ide.mcu.externaltools.gnu-tools-for-stm32.7-2018-q2-update.win32_1.5.0.202011040924/tools/bin/../lib/gcc/arm-none-eabi/7.3.1/../../../../arm-none-eabi/lib/thumb/v7e-m/fpv4-sp/hard\libc_nano.a(lib_a-findfp.o)
                0x0000000008031154                __sf_fake_stderr
 .rodata.__sf_fake_stdin
                0x0000000008031174       0x20 c:/st/stm32cubeide_1.3.0/stm32cubeide/plugins/com.st.stm32cube.ide.mcu.externaltools.gnu-tools-for-stm32.7-2018-q2-update.win32_1.5.0.202011040924/tools/bin/../lib/gcc/arm-none-eabi/7.3.1/../../../../arm-none-eabi/lib/thumb/v7e-m/fpv4-sp/hard\libc_nano.a(lib_a-findfp.o)
                0x0000000008031174                __sf_fake_stdin
 .rodata.__sf_fake_stdout
                0x0000000008031194       0x20 c:/st/stm32cubeide_1.3.0/stm32cubeide/plugins/com.st.stm32cube.ide.mcu.externaltools.gnu-tools-for-stm32.7-2018-q2-update.win32_1.5.0.202011040924/tools/bin/../lib/gcc/arm-none-eabi/7.3.1/../../../../arm-none-eabi/lib/thumb/v7e-m/fpv4-sp/hard\libc_nano.a(lib_a-findfp.o)
                0x0000000008031194                __sf_fake_stdout
 .rodata._vfprintf_r.str1.1
                0x00000000080311b4       0x11 c:/st/stm32cubeide_1.3.0/stm32cubeide/plugins/com.st.stm32cube.ide.mcu.externaltools.gnu-tools-for-stm32.7-2018-q2-update.win32_1.5.0.202011040924/tools/bin/../lib/gcc/arm-none-eabi/7.3.1/../../../../arm-none-eabi/lib/thumb/v7e-m/fpv4-sp/hard\libc_nano.a(lib_a-nano-vfprintf.o)
 .rodata._printf_i.str1.1
                0x00000000080311c5       0x22 c:/st/stm32cubeide_1.3.0/stm32cubeide/plugins/com.st.stm32cube.ide.mcu.externaltools.gnu-tools-for-stm32.7-2018-q2-update.win32_1.5.0.202011040924/tools/bin/../lib/gcc/arm-none-eabi/7.3.1/../../../../arm-none-eabi/lib/thumb/v7e-m/fpv4-sp/hard\libc_nano.a(lib_a-nano-vfprintf_i.o)
 .rodata.expf.str1.1
                0x00000000080311e7        0x5 c:/st/stm32cubeide_1.3.0/stm32cubeide/plugins/com.st.stm32cube.ide.mcu.externaltools.gnu-tools-for-stm32.7-2018-q2-update.win32_1.5.0.202011040924/tools/bin/../lib/gcc/arm-none-eabi/7.3.1/../../../../arm-none-eabi/lib/thumb/v7e-m/fpv4-sp/hard\libm.a(lib_a-wf_exp.o)
 .rodata.log10f.str1.1
                0x00000000080311ec        0x7 c:/st/stm32cubeide_1.3.0/stm32cubeide/plugins/com.st.stm32cube.ide.mcu.externaltools.gnu-tools-for-stm32.7-2018-q2-update.win32_1.5.0.202011040924/tools/bin/../lib/gcc/arm-none-eabi/7.3.1/../../../../arm-none-eabi/lib/thumb/v7e-m/fpv4-sp/hard\libm.a(lib_a-wf_log10.o)
                                          0x8 (size before relaxing)
 .rodata.sqrtf.str1.1
                0x00000000080311f3        0x6 c:/st/stm32cubeide_1.3.0/stm32cubeide/plugins/com.st.stm32cube.ide.mcu.externaltools.gnu-tools-for-stm32.7-2018-q2-update.win32_1.5.0.202011040924/tools/bin/../lib/gcc/arm-none-eabi/7.3.1/../../../../arm-none-eabi/lib/thumb/v7e-m/fpv4-sp/hard\libm.a(lib_a-wf_sqrt.o)
 *fill*         0x00000000080311f9        0x3 
 .rodata.halF   0x00000000080311fc        0x8 c:/st/stm32cubeide_1.3.0/stm32cubeide/plugins/com.st.stm32cube.ide.mcu.externaltools.gnu-tools-for-stm32.7-2018-q2-update.win32_1.5.0.202011040924/tools/bin/../lib/gcc/arm-none-eabi/7.3.1/../../../../arm-none-eabi/lib/thumb/v7e-m/fpv4-sp/hard\libm.a(lib_a-ef_exp.o)
 .rodata.ln2HI  0x0000000008031204        0x8 c:/st/stm32cubeide_1.3.0/stm32cubeide/plugins/com.st.stm32cube.ide.mcu.externaltools.gnu-tools-for-stm32.7-2018-q2-update.win32_1.5.0.202011040924/tools/bin/../lib/gcc/arm-none-eabi/7.3.1/../../../../arm-none-eabi/lib/thumb/v7e-m/fpv4-sp/hard\libm.a(lib_a-ef_exp.o)
 .rodata.ln2LO  0x000000000803120c        0x8 c:/st/stm32cubeide_1.3.0/stm32cubeide/plugins/com.st.stm32cube.ide.mcu.externaltools.gnu-tools-for-stm32.7-2018-q2-update.win32_1.5.0.202011040924/tools/bin/../lib/gcc/arm-none-eabi/7.3.1/../../../../arm-none-eabi/lib/thumb/v7e-m/fpv4-sp/hard\libm.a(lib_a-ef_exp.o)
                0x0000000008031214                . = ALIGN (0x4)

.ARM.extab      0x0000000008031214        0x0
                0x0000000008031214                . = ALIGN (0x4)
 *(.ARM.extab* .gnu.linkonce.armextab.*)
                0x0000000008031214                . = ALIGN (0x4)

.ARM            0x0000000008031214        0x8
                0x0000000008031214                . = ALIGN (0x4)
                0x0000000008031214                __exidx_start = .
 *(.ARM.exidx*)
 .ARM.exidx     0x0000000008031214        0x8 c:/st/stm32cubeide_1.3.0/stm32cubeide/plugins/com.st.stm32cube.ide.mcu.externaltools.gnu-tools-for-stm32.7-2018-q2-update.win32_1.5.0.202011040924/tools/bin/../lib/gcc/arm-none-eabi/7.3.1/thumb/v7e-m/fpv4-sp/hard\libgcc.a(_udivmoddi4.o)
                0x000000000803121c                __exidx_end = .
                0x000000000803121c                . = ALIGN (0x4)

.rel.dyn        0x000000000803121c        0x0
 .rel.iplt      0x000000000803121c        0x0 c:/st/stm32cubeide_1.3.0/stm32cubeide/plugins/com.st.stm32cube.ide.mcu.externaltools.gnu-tools-for-stm32.7-2018-q2-update.win32_1.5.0.202011040924/tools/bin/../lib/gcc/arm-none-eabi/7.3.1/thumb/v7e-m/fpv4-sp/hard/crtbegin.o

.preinit_array  0x000000000803121c        0x0
                0x000000000803121c                . = ALIGN (0x4)
                0x000000000803121c                PROVIDE (__preinit_array_start = .)
 *(.preinit_array*)
                0x000000000803121c                PROVIDE (__preinit_array_end = .)
                0x000000000803121c                . = ALIGN (0x4)

.init_array     0x000000000803121c        0x4
                0x000000000803121c                . = ALIGN (0x4)
                0x000000000803121c                PROVIDE (__init_array_start = .)
 *(SORT_BY_NAME(.init_array.*))
 *(.init_array*)
 .init_array    0x000000000803121c        0x4 c:/st/stm32cubeide_1.3.0/stm32cubeide/plugins/com.st.stm32cube.ide.mcu.externaltools.gnu-tools-for-stm32.7-2018-q2-update.win32_1.5.0.202011040924/tools/bin/../lib/gcc/arm-none-eabi/7.3.1/thumb/v7e-m/fpv4-sp/hard/crtbegin.o
                0x0000000008031220                PROVIDE (__init_array_end = .)
                0x0000000008031220                . = ALIGN (0x4)

.fini_array     0x0000000008031220        0x4
                0x0000000008031220                . = ALIGN (0x4)
                [!provide]                        PROVIDE (__fini_array_start = .)
 *(SORT_BY_NAME(.fini_array.*))
 *(.fini_array*)
 .fini_array    0x0000000008031220        0x4 c:/st/stm32cubeide_1.3.0/stm32cubeide/plugins/com.st.stm32cube.ide.mcu.externaltools.gnu-tools-for-stm32.7-2018-q2-update.win32_1.5.0.202011040924/tools/bin/../lib/gcc/arm-none-eabi/7.3.1/thumb/v7e-m/fpv4-sp/hard/crtbegin.o
                [!provide]                        PROVIDE (__fini_array_end = .)
                0x0000000008031224                . = ALIGN (0x4)
                0x0000000008031224                _sidata = LOADADDR (.data)

.data           0x0000000020000000      0xf34 load address 0x0000000008031224
                0x0000000020000000                . = ALIGN (0x4)
                0x0000000020000000                _sdata = .
 *(.data)
 *(.data*)
 .data.us       0x0000000020000000        0x4 Core/Src/main.o
                0x0000000020000000                us
 .data.maychieu
                0x0000000020000004       0x86 Core/Src/main.o
                0x0000000020000004                maychieu
 *fill*         0x000000002000008a        0x2 
 .data.dieuhoa  0x000000002000008c      0x1fa Core/Src/main.o
                0x000000002000008c                dieuhoa
 *fill*         0x0000000020000286        0x2 
 .data.SystemCoreClock
                0x0000000020000288        0x4 Core/Src/system_stm32f7xx.o
                0x0000000020000288                SystemCoreClock
 .data.uwTickPrio
                0x000000002000028c        0x4 Drivers/STM32F7xx_HAL_Driver/Src/stm32f7xx_hal.o
                0x000000002000028c                uwTickPrio
 .data.uwTickFreq
                0x0000000020000290        0x1 Drivers/STM32F7xx_HAL_Driver/Src/stm32f7xx_hal.o
                0x0000000020000290                uwTickFreq
 *fill*         0x0000000020000291        0x3 
 .data.g_network
                0x0000000020000294       0x60 X-CUBE-AI/App/network.o
 .data.dense_1_bias_array
                0x00000000200002f4       0x10 X-CUBE-AI/App/network.o
 .data.dense_1_weights_array
                0x0000000020000304       0x10 X-CUBE-AI/App/network.o
 .data.batch_normalization_4_bias_array
                0x0000000020000314       0x10 X-CUBE-AI/App/network.o
 .data.batch_normalization_4_scale_array
                0x0000000020000324       0x10 X-CUBE-AI/App/network.o
 .data.conv2d_4_bias_array
                0x0000000020000334       0x10 X-CUBE-AI/App/network.o
 .data.conv2d_4_weights_array
                0x0000000020000344       0x10 X-CUBE-AI/App/network.o
 .data.conv2d_3_bias_array
                0x0000000020000354       0x10 X-CUBE-AI/App/network.o
 .data.conv2d_3_weights_array
                0x0000000020000364       0x10 X-CUBE-AI/App/network.o
 .data.batch_normalization_2_bias_array
                0x0000000020000374       0x10 X-CUBE-AI/App/network.o
 .data.batch_normalization_2_scale_array
                0x0000000020000384       0x10 X-CUBE-AI/App/network.o
 .data.conv2d_2_bias_array
                0x0000000020000394       0x10 X-CUBE-AI/App/network.o
 .data.conv2d_2_weights_array
                0x00000000200003a4       0x10 X-CUBE-AI/App/network.o
 .data.conv2d_1_bias_array
                0x00000000200003b4       0x10 X-CUBE-AI/App/network.o
 .data.conv2d_1_weights_array
                0x00000000200003c4       0x10 X-CUBE-AI/App/network.o
 .data.input_0_output_array
                0x00000000200003d4       0x10 X-CUBE-AI/App/network.o
 .data.conv2d_1_output_array
                0x00000000200003e4       0x10 X-CUBE-AI/App/network.o
 .data.conv2d_2_output_array
                0x00000000200003f4       0x10 X-CUBE-AI/App/network.o
 .data.batch_normalization_2_output_array
                0x0000000020000404       0x10 X-CUBE-AI/App/network.o
 .data.max_pooling2d_1_output_array
                0x0000000020000414       0x10 X-CUBE-AI/App/network.o
 .data.conv2d_3_output_array
                0x0000000020000424       0x10 X-CUBE-AI/App/network.o
 .data.conv2d_4_output_array
                0x0000000020000434       0x10 X-CUBE-AI/App/network.o
 .data.batch_normalization_4_output_array
                0x0000000020000444       0x10 X-CUBE-AI/App/network.o
 .data.global_max_pooling2d_1_output_array
                0x0000000020000454       0x10 X-CUBE-AI/App/network.o
 .data.dense_1_output_array
                0x0000000020000464       0x10 X-CUBE-AI/App/network.o
 .data.dense_1_nl_output_array
                0x0000000020000474       0x10 X-CUBE-AI/App/network.o
 .data.dense_1_bias
                0x0000000020000484       0x1c X-CUBE-AI/App/network.o
 .data.dense_1_weights
                0x00000000200004a0       0x1c X-CUBE-AI/App/network.o
 .data.batch_normalization_4_bias
                0x00000000200004bc       0x1c X-CUBE-AI/App/network.o
 .data.batch_normalization_4_scale
                0x00000000200004d8       0x1c X-CUBE-AI/App/network.o
 .data.conv2d_4_bias
                0x00000000200004f4       0x1c X-CUBE-AI/App/network.o
 .data.conv2d_4_weights
                0x0000000020000510       0x1c X-CUBE-AI/App/network.o
 .data.conv2d_3_bias
                0x000000002000052c       0x1c X-CUBE-AI/App/network.o
 .data.conv2d_3_weights
                0x0000000020000548       0x1c X-CUBE-AI/App/network.o
 .data.batch_normalization_2_bias
                0x0000000020000564       0x1c X-CUBE-AI/App/network.o
 .data.batch_normalization_2_scale
                0x0000000020000580       0x1c X-CUBE-AI/App/network.o
 .data.conv2d_2_bias
                0x000000002000059c       0x1c X-CUBE-AI/App/network.o
 .data.conv2d_2_weights
                0x00000000200005b8       0x1c X-CUBE-AI/App/network.o
 .data.conv2d_1_bias
                0x00000000200005d4       0x1c X-CUBE-AI/App/network.o
 .data.conv2d_1_weights
                0x00000000200005f0       0x1c X-CUBE-AI/App/network.o
 .data.input_0_output
                0x000000002000060c       0x1c X-CUBE-AI/App/network.o
 .data.conv2d_1_output
                0x0000000020000628       0x1c X-CUBE-AI/App/network.o
 .data.conv2d_2_output
                0x0000000020000644       0x1c X-CUBE-AI/App/network.o
 .data.batch_normalization_2_output
                0x0000000020000660       0x1c X-CUBE-AI/App/network.o
 .data.max_pooling2d_1_output
                0x000000002000067c       0x1c X-CUBE-AI/App/network.o
 .data.conv2d_3_output
                0x0000000020000698       0x1c X-CUBE-AI/App/network.o
 .data.conv2d_4_output
                0x00000000200006b4       0x1c X-CUBE-AI/App/network.o
 .data.batch_normalization_4_output
                0x00000000200006d0       0x1c X-CUBE-AI/App/network.o
 .data.global_max_pooling2d_1_output
                0x00000000200006ec       0x1c X-CUBE-AI/App/network.o
 .data.dense_1_output
                0x0000000020000708       0x1c X-CUBE-AI/App/network.o
 .data.dense_1_nl_output
                0x0000000020000724       0x1c X-CUBE-AI/App/network.o
 .data.conv2d_1_layer
                0x0000000020000740       0x3c X-CUBE-AI/App/network.o
 .data.conv2d_2_layer
                0x000000002000077c       0x3c X-CUBE-AI/App/network.o
 .data.batch_normalization_2_layer
                0x00000000200007b8       0x18 X-CUBE-AI/App/network.o
 .data.max_pooling2d_1_layer
                0x00000000200007d0       0x34 X-CUBE-AI/App/network.o
 .data.conv2d_3_layer
                0x0000000020000804       0x3c X-CUBE-AI/App/network.o
 .data.conv2d_4_layer
                0x0000000020000840       0x3c X-CUBE-AI/App/network.o
 .data.batch_normalization_4_layer
                0x000000002000087c       0x18 X-CUBE-AI/App/network.o
 .data.global_max_pooling2d_1_layer
                0x0000000020000894       0x34 X-CUBE-AI/App/network.o
 .data.dense_1_layer
                0x00000000200008c8       0x18 X-CUBE-AI/App/network.o
 .data.dense_1_nl_layer
                0x00000000200008e0       0x1c X-CUBE-AI/App/network.o
 .data.__compound_literal.0
                0x00000000200008fc       0x10 X-CUBE-AI/App/network.o
 .data.__compound_literal.1
                0x000000002000090c       0x10 X-CUBE-AI/App/network.o
 .data.__compound_literal.2
                0x000000002000091c       0x10 X-CUBE-AI/App/network.o
 .data.__compound_literal.3
                0x000000002000092c       0x10 X-CUBE-AI/App/network.o
 .data.__compound_literal.4
                0x000000002000093c       0x10 X-CUBE-AI/App/network.o
 .data.__compound_literal.5
                0x000000002000094c       0x10 X-CUBE-AI/App/network.o
 .data.__compound_literal.6
                0x000000002000095c       0x10 X-CUBE-AI/App/network.o
 .data.__compound_literal.7
                0x000000002000096c       0x10 X-CUBE-AI/App/network.o
 .data.__compound_literal.8
                0x000000002000097c       0x10 X-CUBE-AI/App/network.o
 .data.__compound_literal.9
                0x000000002000098c       0x10 X-CUBE-AI/App/network.o
 .data.__compound_literal.10
                0x000000002000099c       0x10 X-CUBE-AI/App/network.o
 .data.__compound_literal.11
                0x00000000200009ac       0x10 X-CUBE-AI/App/network.o
 .data.__compound_literal.12
                0x00000000200009bc       0x10 X-CUBE-AI/App/network.o
 .data.__compound_literal.13
                0x00000000200009cc       0x10 X-CUBE-AI/App/network.o
 .data.__compound_literal.14
                0x00000000200009dc       0x10 X-CUBE-AI/App/network.o
 .data.__compound_literal.15
                0x00000000200009ec       0x10 X-CUBE-AI/App/network.o
 .data.__compound_literal.16
                0x00000000200009fc       0x10 X-CUBE-AI/App/network.o
 .data.__compound_literal.17
                0x0000000020000a0c       0x10 X-CUBE-AI/App/network.o
 .data.__compound_literal.18
                0x0000000020000a1c       0x10 X-CUBE-AI/App/network.o
 .data.__compound_literal.19
                0x0000000020000a2c       0x10 X-CUBE-AI/App/network.o
 .data.__compound_literal.20
                0x0000000020000a3c       0x10 X-CUBE-AI/App/network.o
 .data.__compound_literal.21
                0x0000000020000a4c       0x10 X-CUBE-AI/App/network.o
 .data.__compound_literal.22
                0x0000000020000a5c       0x10 X-CUBE-AI/App/network.o
 .data.__compound_literal.23
                0x0000000020000a6c       0x10 X-CUBE-AI/App/network.o
 .data.__compound_literal.24
                0x0000000020000a7c       0x10 X-CUBE-AI/App/network.o
 .data.__compound_literal.25
                0x0000000020000a8c       0x10 X-CUBE-AI/App/network.o
 .data.__compound_literal.26
                0x0000000020000a9c       0x10 X-CUBE-AI/App/network.o
 .data.__compound_literal.27
                0x0000000020000aac       0x10 X-CUBE-AI/App/network.o
 .data.__compound_literal.28
                0x0000000020000abc       0x10 X-CUBE-AI/App/network.o
 .data.__compound_literal.29
                0x0000000020000acc       0x10 X-CUBE-AI/App/network.o
 .data.__compound_literal.30
                0x0000000020000adc       0x10 X-CUBE-AI/App/network.o
 .data.__compound_literal.31
                0x0000000020000aec       0x10 X-CUBE-AI/App/network.o
 .data.__compound_literal.32
                0x0000000020000afc       0x10 X-CUBE-AI/App/network.o
 .data.__compound_literal.33
                0x0000000020000b0c       0x10 X-CUBE-AI/App/network.o
 .data.__compound_literal.34
                0x0000000020000b1c       0x10 X-CUBE-AI/App/network.o
 .data.__compound_literal.35
                0x0000000020000b2c       0x10 X-CUBE-AI/App/network.o
 .data.__compound_literal.36
                0x0000000020000b3c       0x10 X-CUBE-AI/App/network.o
 .data.__compound_literal.37
                0x0000000020000b4c       0x10 X-CUBE-AI/App/network.o
 .data.__compound_literal.38
                0x0000000020000b5c       0x10 X-CUBE-AI/App/network.o
 .data.__compound_literal.39
                0x0000000020000b6c       0x10 X-CUBE-AI/App/network.o
 .data.__compound_literal.40
                0x0000000020000b7c       0x10 X-CUBE-AI/App/network.o
 .data.__compound_literal.41
                0x0000000020000b8c       0x10 X-CUBE-AI/App/network.o
 .data.__compound_literal.42
                0x0000000020000b9c       0x10 X-CUBE-AI/App/network.o
 .data.__compound_literal.43
                0x0000000020000bac       0x10 X-CUBE-AI/App/network.o
 .data.__compound_literal.44
                0x0000000020000bbc       0x10 X-CUBE-AI/App/network.o