core_cm7.h:2229:22:SCB_EnableICache	4	static,ignoring_inline_asm
core_cm7.h:2281:22:SCB_EnableDCache	24	static,ignoring_inline_asm
main.c:177:5:main	8	static
main.c:246:6:SystemClock_Config	88	static
main.c:297:13:MX_ADC3_Init	24	static
main.c:347:13:MX_CRC_Init	8	static
main.c:378:13:MX_TIM2_Init	56	static
main.c:434:13:MX_DMA_Init	16	static
main.c:452:13:MX_GPIO_Init	56	static
main.c:514:6:Sort_ADC_buffer	16	static
main.c:523:6:Mel_array	24	static
main.c:538:6:Find_max_output_ind	24	static
main.c:562:6:Wakeup	8	static
main.c:755:13:PowerTodB	24	static
main.c:782:6:buzzer_beep	8	static
main.c:791:6:buzzer_beep2	8	static
main.c:803:6:delay_us	16	static
main.c:810:6:mark	32	static
main.c:831:6:space	16	static
main.c:839:6:sendRaw	24	static
main.c:853:9:receive_data	16	static
main.c:881:13:Preprocessing_Init	8	static
main.c:912:6:Error_Handler	4	static
